[2026-03-28T19:27:52+00:00] [WARNING] SMTP reponse inattendue: 
[2026-03-28T19:27:53+00:00] [WARNING] Echec envoi SMTP vers: mpembabenita@gmail.com
[2026-03-28T19:27:55+00:00] [WARNING] Echec envoi email vers: mpembabenita@gmail.com
[2026-03-28T19:27:55+00:00] [WARNING] Compte cree mais email de mot de passe non envoye pour: mpembabenita@gmail.com
[2026-04-13T11:06:11+00:00] [ERROR] Signalements GET MySQL error: SQLSTATE[HY000] [1045] Access denied for user 'root'@'localhost' (using password: NO)
[2026-04-13T11:06:11+00:00] [ERROR] Signalements GET MySQL error: SQLSTATE[HY000] [1045] Access denied for user 'root'@'localhost' (using password: NO)
[2026-04-13T11:06:12+00:00] [ERROR] Signalements GET MySQL error: SQLSTATE[HY000] [1045] Access denied for user 'root'@'localhost' (using password: NO)
[2026-04-13T11:06:12+00:00] [ERROR] Idees GET MySQL error: SQLSTATE[HY000] [1045] Access denied for user 'root'@'localhost' (using password: NO)
[2026-04-13T11:06:12+00:00] [ERROR] Idees GET MySQL error: SQLSTATE[HY000] [1045] Access denied for user 'root'@'localhost' (using password: NO)
[2026-04-13T11:06:12+00:00] [ERROR] Idees GET MySQL error: SQLSTATE[HY000] [1045] Access denied for user 'root'@'localhost' (using password: NO)
[2026-04-13T11:14:55+00:00] [ERROR] Signalements GET MySQL error: SQLSTATE[HY000] [1045] Access denied for user 'root'@'localhost' (using password: NO)
[2026-04-13T11:14:55+00:00] [ERROR] Signalements GET MySQL error: SQLSTATE[HY000] [1045] Access denied for user 'root'@'localhost' (using password: NO)
[2026-04-13T11:14:55+00:00] [ERROR] Signalements GET MySQL error: SQLSTATE[HY000] [1045] Access denied for user 'root'@'localhost' (using password: NO)
[2026-04-13T11:14:55+00:00] [ERROR] Idees GET MySQL error: SQLSTATE[HY000] [1045] Access denied for user 'root'@'localhost' (using password: NO)
[2026-04-13T11:14:55+00:00] [ERROR] Idees GET MySQL error: SQLSTATE[HY000] [1045] Access denied for user 'root'@'localhost' (using password: NO)
[2026-04-13T11:14:55+00:00] [ERROR] Idees GET MySQL error: SQLSTATE[HY000] [1045] Access denied for user 'root'@'localhost' (using password: NO)
[2026-04-13T11:14:56+00:00] [ERROR] Signalements GET MySQL error: SQLSTATE[HY000] [1045] Access denied for user 'root'@'localhost' (using password: NO)
[2026-04-13T11:14:56+00:00] [ERROR] Signalements GET MySQL error: SQLSTATE[HY000] [1045] Access denied for user 'root'@'localhost' (using password: NO)
[2026-04-13T11:14:56+00:00] [ERROR] Signalements GET MySQL error: SQLSTATE[HY000] [1045] Access denied for user 'root'@'localhost' (using password: NO)
[2026-04-13T11:14:56+00:00] [ERROR] Idees GET MySQL error: SQLSTATE[HY000] [1045] Access denied for user 'root'@'localhost' (using password: NO)
[2026-04-13T11:14:56+00:00] [ERROR] Idees GET MySQL error: SQLSTATE[HY000] [1045] Access denied for user 'root'@'localhost' (using password: NO)
[2026-04-13T11:14:56+00:00] [ERROR] Idees GET MySQL error: SQLSTATE[HY000] [1045] Access denied for user 'root'@'localhost' (using password: NO)
[2026-04-13T11:14:58+00:00] [ERROR] Signalements GET MySQL error: SQLSTATE[HY000] [1045] Access denied for user 'root'@'localhost' (using password: NO)
[2026-04-13T11:14:58+00:00] [ERROR] Signalements GET MySQL error: SQLSTATE[HY000] [1045] Access denied for user 'root'@'localhost' (using password: NO)
[2026-04-13T11:14:58+00:00] [ERROR] Signalements GET MySQL error: SQLSTATE[HY000] [1045] Access denied for user 'root'@'localhost' (using password: NO)
[2026-04-13T11:21:50+00:00] [ERROR] Signalements GET MySQL error: SQLSTATE[HY000] [1045] Access denied for user 'root'@'localhost' (using password: NO)
[2026-04-13T11:21:50+00:00] [ERROR] Signalements GET MySQL error: SQLSTATE[HY000] [1045] Access denied for user 'root'@'localhost' (using password: NO)
[2026-04-13T11:21:50+00:00] [ERROR] Signalements GET MySQL error: SQLSTATE[HY000] [1045] Access denied for user 'root'@'localhost' (using password: NO)
[2026-04-13T11:21:50+00:00] [ERROR] Idees GET MySQL error: SQLSTATE[HY000] [1045] Access denied for user 'root'@'localhost' (using password: NO)
[2026-04-13T11:21:50+00:00] [ERROR] Idees GET MySQL error: SQLSTATE[HY000] [1045] Access denied for user 'root'@'localhost' (using password: NO)
[2026-04-13T11:21:50+00:00] [ERROR] Idees GET MySQL error: SQLSTATE[HY000] [1045] Access denied for user 'root'@'localhost' (using password: NO)
[2026-04-13T11:22:33+00:00] [ERROR] Signalements GET MySQL error: SQLSTATE[HY000] [1045] Access denied for user 'root'@'localhost' (using password: NO)
[2026-04-13T11:22:33+00:00] [ERROR] Signalements GET MySQL error: SQLSTATE[HY000] [1045] Access denied for user 'root'@'localhost' (using password: NO)
[2026-04-13T11:22:33+00:00] [ERROR] Signalements GET MySQL error: SQLSTATE[HY000] [1045] Access denied for user 'root'@'localhost' (using password: NO)
[2026-04-13T11:22:39+00:00] [ERROR] Signalements GET MySQL error: SQLSTATE[HY000] [1045] Access denied for user 'root'@'localhost' (using password: NO)
[2026-04-13T11:22:39+00:00] [ERROR] Signalements GET MySQL error: SQLSTATE[HY000] [1045] Access denied for user 'root'@'localhost' (using password: NO)
[2026-04-13T11:22:39+00:00] [ERROR] Signalements GET MySQL error: SQLSTATE[HY000] [1045] Access denied for user 'root'@'localhost' (using password: NO)
[2026-04-13T11:22:48+00:00] [ERROR] Idees GET MySQL error: SQLSTATE[HY000] [1045] Access denied for user 'root'@'localhost' (using password: NO)
[2026-04-13T11:22:49+00:00] [ERROR] Idees GET MySQL error: SQLSTATE[HY000] [1045] Access denied for user 'root'@'localhost' (using password: NO)
[2026-04-13T11:22:49+00:00] [ERROR] Idees GET MySQL error: SQLSTATE[HY000] [1045] Access denied for user 'root'@'localhost' (using password: NO)
[2026-04-13T11:22:50+00:00] [ERROR] Signalements GET MySQL error: SQLSTATE[HY000] [1045] Access denied for user 'root'@'localhost' (using password: NO)
[2026-04-13T11:22:50+00:00] [ERROR] Signalements GET MySQL error: SQLSTATE[HY000] [1045] Access denied for user 'root'@'localhost' (using password: NO)
[2026-04-13T11:22:50+00:00] [ERROR] Signalements GET MySQL error: SQLSTATE[HY000] [1045] Access denied for user 'root'@'localhost' (using password: NO)
[2026-04-13T11:23:22+00:00] [ERROR] Idees GET MySQL error: SQLSTATE[HY000] [1045] Access denied for user 'root'@'localhost' (using password: NO)
[2026-04-13T11:23:22+00:00] [ERROR] Idees GET MySQL error: SQLSTATE[HY000] [1045] Access denied for user 'root'@'localhost' (using password: NO)
[2026-04-13T11:23:22+00:00] [ERROR] Idees GET MySQL error: SQLSTATE[HY000] [1045] Access denied for user 'root'@'localhost' (using password: NO)
[2026-04-13T11:23:24+00:00] [ERROR] Idees GET MySQL error: SQLSTATE[HY000] [1045] Access denied for user 'root'@'localhost' (using password: NO)
[2026-04-13T11:23:24+00:00] [ERROR] Idees GET MySQL error: SQLSTATE[HY000] [1045] Access denied for user 'root'@'localhost' (using password: NO)
[2026-04-13T11:23:24+00:00] [ERROR] Idees GET MySQL error: SQLSTATE[HY000] [1045] Access denied for user 'root'@'localhost' (using password: NO)
[2026-04-13T11:25:19+00:00] [ERROR] Signalements GET MySQL error: SQLSTATE[HY000] [1045] Access denied for user 'root'@'localhost' (using password: NO)
[2026-04-13T11:25:19+00:00] [ERROR] Signalements GET MySQL error: SQLSTATE[HY000] [1045] Access denied for user 'root'@'localhost' (using password: NO)
[2026-04-13T11:25:19+00:00] [ERROR] Signalements GET MySQL error: SQLSTATE[HY000] [1045] Access denied for user 'root'@'localhost' (using password: NO)
[2026-04-13T11:25:19+00:00] [ERROR] Idees GET MySQL error: SQLSTATE[HY000] [1045] Access denied for user 'root'@'localhost' (using password: NO)
[2026-04-13T11:25:19+00:00] [ERROR] Idees GET MySQL error: SQLSTATE[HY000] [1045] Access denied for user 'root'@'localhost' (using password: NO)
[2026-04-13T11:25:19+00:00] [ERROR] Idees GET MySQL error: SQLSTATE[HY000] [1045] Access denied for user 'root'@'localhost' (using password: NO)
[2026-04-13T11:25:37+00:00] [ERROR] Signalements GET MySQL error: SQLSTATE[HY000] [1045] Access denied for user 'root'@'localhost' (using password: NO)
[2026-04-13T11:25:37+00:00] [ERROR] Signalements GET MySQL error: SQLSTATE[HY000] [1045] Access denied for user 'root'@'localhost' (using password: NO)
[2026-04-13T11:25:37+00:00] [ERROR] Signalements GET MySQL error: SQLSTATE[HY000] [1045] Access denied for user 'root'@'localhost' (using password: NO)
[2026-04-13T11:25:55+00:00] [ERROR] Signalements GET MySQL error: SQLSTATE[HY000] [1045] Access denied for user 'root'@'localhost' (using password: NO)
[2026-04-13T11:25:55+00:00] [ERROR] Signalements GET MySQL error: SQLSTATE[HY000] [1045] Access denied for user 'root'@'localhost' (using password: NO)
[2026-04-13T11:25:55+00:00] [ERROR] Signalements GET MySQL error: SQLSTATE[HY000] [1045] Access denied for user 'root'@'localhost' (using password: NO)
[2026-04-13T11:25:56+00:00] [ERROR] Idees GET MySQL error: SQLSTATE[HY000] [1045] Access denied for user 'root'@'localhost' (using password: NO)
[2026-04-13T11:25:56+00:00] [ERROR] Idees GET MySQL error: SQLSTATE[HY000] [1045] Access denied for user 'root'@'localhost' (using password: NO)
[2026-04-13T11:25:56+00:00] [ERROR] Idees GET MySQL error: SQLSTATE[HY000] [1045] Access denied for user 'root'@'localhost' (using password: NO)
[2026-04-13T11:25:59+00:00] [ERROR] Idees GET MySQL error: SQLSTATE[HY000] [1045] Access denied for user 'root'@'localhost' (using password: NO)
[2026-04-13T11:25:59+00:00] [ERROR] Idees GET MySQL error: SQLSTATE[HY000] [1045] Access denied for user 'root'@'localhost' (using password: NO)
[2026-04-13T11:25:59+00:00] [ERROR] Idees GET MySQL error: SQLSTATE[HY000] [1045] Access denied for user 'root'@'localhost' (using password: NO)
[2026-04-13T11:28:30+00:00] [ERROR] Contact MySQL error: SQLSTATE[HY000] [1045] Access denied for user 'root'@'localhost' (using password: NO)
[2026-04-13T11:28:30+00:00] [ERROR] Contact MySQL error: SQLSTATE[HY000] [1045] Access denied for user 'root'@'localhost' (using password: NO)
[2026-04-13T11:28:31+00:00] [ERROR] Contact MySQL error: SQLSTATE[HY000] [1045] Access denied for user 'root'@'localhost' (using password: NO)
[2026-04-14T12:08:38+00:00] [ERROR] Signalements GET MySQL error: SQLSTATE[HY000] [1045] Access denied for user 'root'@'localhost' (using password: NO)
[2026-04-14T12:08:38+00:00] [ERROR] Signalements GET MySQL error: SQLSTATE[HY000] [1045] Access denied for user 'root'@'localhost' (using password: NO)
[2026-04-14T12:08:38+00:00] [ERROR] Signalements GET MySQL error: SQLSTATE[HY000] [1045] Access denied for user 'root'@'localhost' (using password: NO)
[2026-04-14T12:08:38+00:00] [ERROR] Idees GET MySQL error: SQLSTATE[HY000] [1045] Access denied for user 'root'@'localhost' (using password: NO)
[2026-04-14T12:08:38+00:00] [ERROR] Idees GET MySQL error: SQLSTATE[HY000] [1045] Access denied for user 'root'@'localhost' (using password: NO)
[2026-04-14T12:08:38+00:00] [ERROR] Idees GET MySQL error: SQLSTATE[HY000] [1045] Access denied for user 'root'@'localhost' (using password: NO)
[2026-04-14T12:08:40+00:00] [ERROR] Signalements GET MySQL error: SQLSTATE[HY000] [1045] Access denied for user 'root'@'localhost' (using password: NO)
[2026-04-14T12:08:40+00:00] [ERROR] Signalements GET MySQL error: SQLSTATE[HY000] [1045] Access denied for user 'root'@'localhost' (using password: NO)
[2026-04-14T12:08:40+00:00] [ERROR] Signalements GET MySQL error: SQLSTATE[HY000] [1045] Access denied for user 'root'@'localhost' (using password: NO)
[2026-04-14T12:10:30+00:00] [ERROR] Signalements GET MySQL error: SQLSTATE[HY000] [1045] Access denied for user 'root'@'localhost' (using password: NO)
[2026-04-14T12:10:30+00:00] [ERROR] Signalements GET MySQL error: SQLSTATE[HY000] [1045] Access denied for user 'root'@'localhost' (using password: NO)
[2026-04-14T12:10:30+00:00] [ERROR] Signalements GET MySQL error: SQLSTATE[HY000] [1045] Access denied for user 'root'@'localhost' (using password: NO)
[2026-04-14T12:10:35+00:00] [ERROR] Signalements GET MySQL error: SQLSTATE[HY000] [1045] Access denied for user 'root'@'localhost' (using password: NO)
[2026-04-14T12:10:35+00:00] [ERROR] Signalements GET MySQL error: SQLSTATE[HY000] [1045] Access denied for user 'root'@'localhost' (using password: NO)
[2026-04-14T12:10:35+00:00] [ERROR] Signalements GET MySQL error: SQLSTATE[HY000] [1045] Access denied for user 'root'@'localhost' (using password: NO)
[2026-04-14T12:12:56+00:00] [ERROR] Idees GET MySQL error: SQLSTATE[HY000] [1045] Access denied for user 'root'@'localhost' (using password: NO)
[2026-04-14T12:12:56+00:00] [ERROR] Idees GET MySQL error: SQLSTATE[HY000] [1045] Access denied for user 'root'@'localhost' (using password: NO)
[2026-04-14T12:12:56+00:00] [ERROR] Idees GET MySQL error: SQLSTATE[HY000] [1045] Access denied for user 'root'@'localhost' (using password: NO)
[2026-04-14T12:14:29+00:00] [ERROR] Idees GET MySQL error: SQLSTATE[HY000] [1045] Access denied for user 'root'@'localhost' (using password: NO)
[2026-04-14T12:14:29+00:00] [ERROR] Idees GET MySQL error: SQLSTATE[HY000] [1045] Access denied for user 'root'@'localhost' (using password: NO)
[2026-04-14T12:14:29+00:00] [ERROR] Idees GET MySQL error: SQLSTATE[HY000] [1045] Access denied for user 'root'@'localhost' (using password: NO)
[2026-04-14T12:14:38+00:00] [ERROR] Idees GET MySQL error: SQLSTATE[HY000] [1045] Access denied for user 'root'@'localhost' (using password: NO)
[2026-04-14T12:14:38+00:00] [ERROR] Idees GET MySQL error: SQLSTATE[HY000] [1045] Access denied for user 'root'@'localhost' (using password: NO)
[2026-04-14T12:14:38+00:00] [ERROR] Idees GET MySQL error: SQLSTATE[HY000] [1045] Access denied for user 'root'@'localhost' (using password: NO)
[2026-04-14T12:14:44+00:00] [ERROR] Idees GET MySQL error: SQLSTATE[HY000] [1045] Access denied for user 'root'@'localhost' (using password: NO)
[2026-04-14T12:14:44+00:00] [ERROR] Idees GET MySQL error: SQLSTATE[HY000] [1045] Access denied for user 'root'@'localhost' (using password: NO)
[2026-04-14T12:14:44+00:00] [ERROR] Idees GET MySQL error: SQLSTATE[HY000] [1045] Access denied for user 'root'@'localhost' (using password: NO)
[2026-04-14T12:14:48+00:00] [ERROR] Idees GET MySQL error: SQLSTATE[HY000] [1045] Access denied for user 'root'@'localhost' (using password: NO)
[2026-04-14T12:14:48+00:00] [ERROR] Idees GET MySQL error: SQLSTATE[HY000] [1045] Access denied for user 'root'@'localhost' (using password: NO)
[2026-04-14T12:14:48+00:00] [ERROR] Idees GET MySQL error: SQLSTATE[HY000] [1045] Access denied for user 'root'@'localhost' (using password: NO)
[2026-04-14T12:15:04+00:00] [ERROR] Idees GET MySQL error: SQLSTATE[HY000] [1045] Access denied for user 'root'@'localhost' (using password: NO)
[2026-04-14T12:15:04+00:00] [ERROR] Idees GET MySQL error: SQLSTATE[HY000] [1045] Access denied for user 'root'@'localhost' (using password: NO)
[2026-04-14T12:15:04+00:00] [ERROR] Idees GET MySQL error: SQLSTATE[HY000] [1045] Access denied for user 'root'@'localhost' (using password: NO)
[2026-04-14T12:15:25+00:00] [ERROR] Signalements GET MySQL error: SQLSTATE[HY000] [1045] Access denied for user 'root'@'localhost' (using password: NO)
[2026-04-14T12:15:25+00:00] [ERROR] Signalements GET MySQL error: SQLSTATE[HY000] [1045] Access denied for user 'root'@'localhost' (using password: NO)
[2026-04-14T12:15:25+00:00] [ERROR] Signalements GET MySQL error: SQLSTATE[HY000] [1045] Access denied for user 'root'@'localhost' (using password: NO)
[2026-04-14T12:16:35+00:00] [ERROR] Signalements GET MySQL error: SQLSTATE[HY000] [1045] Access denied for user 'root'@'localhost' (using password: NO)
[2026-04-14T12:16:35+00:00] [ERROR] Signalements GET MySQL error: SQLSTATE[HY000] [1045] Access denied for user 'root'@'localhost' (using password: NO)
[2026-04-14T12:16:35+00:00] [ERROR] Signalements GET MySQL error: SQLSTATE[HY000] [1045] Access denied for user 'root'@'localhost' (using password: NO)
[2026-04-14T12:16:35+00:00] [ERROR] Idees GET MySQL error: SQLSTATE[HY000] [1045] Access denied for user 'root'@'localhost' (using password: NO)
[2026-04-14T12:16:35+00:00] [ERROR] Idees GET MySQL error: SQLSTATE[HY000] [1045] Access denied for user 'root'@'localhost' (using password: NO)
[2026-04-14T12:16:35+00:00] [ERROR] Idees GET MySQL error: SQLSTATE[HY000] [1045] Access denied for user 'root'@'localhost' (using password: NO)
[2026-04-20T17:44:49+00:00] [ERROR] Signalements GET MySQL error: SQLSTATE[HY000] [1045] Access denied for user 'root'@'localhost' (using password: NO)
[2026-04-20T17:44:49+00:00] [ERROR] Signalements GET MySQL error: SQLSTATE[HY000] [1045] Access denied for user 'root'@'localhost' (using password: NO)
[2026-04-20T17:44:49+00:00] [ERROR] Signalements GET MySQL error: SQLSTATE[HY000] [1045] Access denied for user 'root'@'localhost' (using password: NO)
[2026-04-20T17:44:49+00:00] [ERROR] Idees GET MySQL error: SQLSTATE[HY000] [1045] Access denied for user 'root'@'localhost' (using password: NO)
[2026-04-20T17:44:49+00:00] [ERROR] Idees GET MySQL error: SQLSTATE[HY000] [1045] Access denied for user 'root'@'localhost' (using password: NO)
[2026-04-20T17:44:49+00:00] [ERROR] Idees GET MySQL error: SQLSTATE[HY000] [1045] Access denied for user 'root'@'localhost' (using password: NO)
[2026-04-20T17:44:55+00:00] [ERROR] Signalements GET MySQL error: SQLSTATE[HY000] [1045] Access denied for user 'root'@'localhost' (using password: NO)
[2026-04-20T17:44:55+00:00] [ERROR] Signalements GET MySQL error: SQLSTATE[HY000] [1045] Access denied for user 'root'@'localhost' (using password: NO)
[2026-04-20T17:44:55+00:00] [ERROR] Signalements GET MySQL error: SQLSTATE[HY000] [1045] Access denied for user 'root'@'localhost' (using password: NO)
[2026-04-20T17:45:01+00:00] [ERROR] Signalements GET MySQL error: SQLSTATE[HY000] [1045] Access denied for user 'root'@'localhost' (using password: NO)
[2026-04-20T17:45:01+00:00] [ERROR] Signalements GET MySQL error: SQLSTATE[HY000] [1045] Access denied for user 'root'@'localhost' (using password: NO)
[2026-04-20T17:45:01+00:00] [ERROR] Signalements GET MySQL error: SQLSTATE[HY000] [1045] Access denied for user 'root'@'localhost' (using password: NO)
[2026-04-20T17:46:00+00:00] [ERROR] Idees GET MySQL error: SQLSTATE[HY000] [1045] Access denied for user 'root'@'localhost' (using password: NO)
[2026-04-20T17:46:00+00:00] [ERROR] Idees GET MySQL error: SQLSTATE[HY000] [1045] Access denied for user 'root'@'localhost' (using password: NO)
[2026-04-20T17:46:00+00:00] [ERROR] Idees GET MySQL error: SQLSTATE[HY000] [1045] Access denied for user 'root'@'localhost' (using password: NO)
[2026-04-20T17:46:05+00:00] [ERROR] Idees GET MySQL error: SQLSTATE[HY000] [1045] Access denied for user 'root'@'localhost' (using password: NO)
[2026-04-20T17:46:05+00:00] [ERROR] Idees GET MySQL error: SQLSTATE[HY000] [1045] Access denied for user 'root'@'localhost' (using password: NO)
[2026-04-20T17:46:06+00:00] [ERROR] Idees GET MySQL error: SQLSTATE[HY000] [1045] Access denied for user 'root'@'localhost' (using password: NO)
[2026-04-20T18:14:34+00:00] [ERROR] Signalements GET MySQL error: SQLSTATE[HY000] [1045] Access denied for user 'root'@'localhost' (using password: NO)
[2026-04-20T18:14:34+00:00] [ERROR] Signalements GET MySQL error: SQLSTATE[HY000] [1045] Access denied for user 'root'@'localhost' (using password: NO)
[2026-04-20T18:14:34+00:00] [ERROR] Signalements GET MySQL error: SQLSTATE[HY000] [1045] Access denied for user 'root'@'localhost' (using password: NO)
[2026-04-20T18:14:34+00:00] [ERROR] Idees GET MySQL error: SQLSTATE[HY000] [1045] Access denied for user 'root'@'localhost' (using password: NO)
[2026-04-20T18:14:34+00:00] [ERROR] Idees GET MySQL error: SQLSTATE[HY000] [1045] Access denied for user 'root'@'localhost' (using password: NO)
[2026-04-20T18:14:34+00:00] [ERROR] Idees GET MySQL error: SQLSTATE[HY000] [1045] Access denied for user 'root'@'localhost' (using password: NO)
[2026-04-20T18:20:44+00:00] [ERROR] Signalements GET MySQL error: SQLSTATE[HY000] [1045] Access denied for user 'root'@'localhost' (using password: NO)
[2026-04-20T18:20:44+00:00] [ERROR] Signalements GET MySQL error: SQLSTATE[HY000] [1045] Access denied for user 'root'@'localhost' (using password: NO)
[2026-04-20T18:20:44+00:00] [ERROR] Signalements GET MySQL error: SQLSTATE[HY000] [1045] Access denied for user 'root'@'localhost' (using password: NO)
[2026-04-20T18:20:45+00:00] [ERROR] Idees GET MySQL error: SQLSTATE[HY000] [1045] Access denied for user 'root'@'localhost' (using password: NO)
[2026-04-20T18:20:45+00:00] [ERROR] Idees GET MySQL error: SQLSTATE[HY000] [1045] Access denied for user 'root'@'localhost' (using password: NO)
[2026-04-20T18:20:45+00:00] [ERROR] Idees GET MySQL error: SQLSTATE[HY000] [1045] Access denied for user 'root'@'localhost' (using password: NO)
[2026-04-20T18:22:35+00:00] [ERROR] Signalements GET MySQL error: SQLSTATE[HY000] [1045] Access denied for user 'root'@'localhost' (using password: NO)
[2026-04-20T18:22:35+00:00] [ERROR] Signalements GET MySQL error: SQLSTATE[HY000] [1045] Access denied for user 'root'@'localhost' (using password: NO)
[2026-04-20T18:22:35+00:00] [ERROR] Signalements GET MySQL error: SQLSTATE[HY000] [1045] Access denied for user 'root'@'localhost' (using password: NO)
[2026-04-20T18:22:35+00:00] [ERROR] Idees GET MySQL error: SQLSTATE[HY000] [1045] Access denied for user 'root'@'localhost' (using password: NO)
[2026-04-20T18:22:35+00:00] [ERROR] Idees GET MySQL error: SQLSTATE[HY000] [1045] Access denied for user 'root'@'localhost' (using password: NO)
[2026-04-20T18:22:35+00:00] [ERROR] Idees GET MySQL error: SQLSTATE[HY000] [1045] Access denied for user 'root'@'localhost' (using password: NO)
[2026-04-20T18:22:39+00:00] [ERROR] Signalements GET MySQL error: SQLSTATE[HY000] [1045] Access denied for user 'root'@'localhost' (using password: NO)
[2026-04-20T18:22:39+00:00] [ERROR] Signalements GET MySQL error: SQLSTATE[HY000] [1045] Access denied for user 'root'@'localhost' (using password: NO)
[2026-04-20T18:22:39+00:00] [ERROR] Signalements GET MySQL error: SQLSTATE[HY000] [1045] Access denied for user 'root'@'localhost' (using password: NO)
[2026-04-20T18:22:39+00:00] [ERROR] Idees GET MySQL error: SQLSTATE[HY000] [1045] Access denied for user 'root'@'localhost' (using password: NO)
[2026-04-20T18:22:39+00:00] [ERROR] Idees GET MySQL error: SQLSTATE[HY000] [1045] Access denied for user 'root'@'localhost' (using password: NO)
[2026-04-20T18:22:39+00:00] [ERROR] Idees GET MySQL error: SQLSTATE[HY000] [1045] Access denied for user 'root'@'localhost' (using password: NO)
[2026-04-20T18:22:40+00:00] [ERROR] Signalements GET MySQL error: SQLSTATE[HY000] [1045] Access denied for user 'root'@'localhost' (using password: NO)
[2026-04-20T18:22:40+00:00] [ERROR] Signalements GET MySQL error: SQLSTATE[HY000] [1045] Access denied for user 'root'@'localhost' (using password: NO)
[2026-04-20T18:22:40+00:00] [ERROR] Signalements GET MySQL error: SQLSTATE[HY000] [1045] Access denied for user 'root'@'localhost' (using password: NO)
[2026-04-20T18:22:40+00:00] [ERROR] Idees GET MySQL error: SQLSTATE[HY000] [1045] Access denied for user 'root'@'localhost' (using password: NO)
[2026-04-20T18:22:40+00:00] [ERROR] Idees GET MySQL error: SQLSTATE[HY000] [1045] Access denied for user 'root'@'localhost' (using password: NO)
[2026-04-20T18:22:40+00:00] [ERROR] Idees GET MySQL error: SQLSTATE[HY000] [1045] Access denied for user 'root'@'localhost' (using password: NO)
[2026-04-20T18:22:41+00:00] [ERROR] Signalements GET MySQL error: SQLSTATE[HY000] [1045] Access denied for user 'root'@'localhost' (using password: NO)
[2026-04-20T18:22:41+00:00] [ERROR] Signalements GET MySQL error: SQLSTATE[HY000] [1045] Access denied for user 'root'@'localhost' (using password: NO)
[2026-04-20T18:22:41+00:00] [ERROR] Signalements GET MySQL error: SQLSTATE[HY000] [1045] Access denied for user 'root'@'localhost' (using password: NO)
[2026-04-20T18:22:41+00:00] [ERROR] Idees GET MySQL error: SQLSTATE[HY000] [1045] Access denied for user 'root'@'localhost' (using password: NO)
[2026-04-20T18:22:41+00:00] [ERROR] Idees GET MySQL error: SQLSTATE[HY000] [1045] Access denied for user 'root'@'localhost' (using password: NO)
[2026-04-20T18:22:41+00:00] [ERROR] Idees GET MySQL error: SQLSTATE[HY000] [1045] Access denied for user 'root'@'localhost' (using password: NO)
[2026-04-20T18:22:59+00:00] [ERROR] Idees GET MySQL error: SQLSTATE[HY000] [1045] Access denied for user 'root'@'localhost' (using password: NO)
[2026-04-20T18:22:59+00:00] [ERROR] Idees GET MySQL error: SQLSTATE[HY000] [1045] Access denied for user 'root'@'localhost' (using password: NO)
[2026-04-20T18:22:59+00:00] [ERROR] Idees GET MySQL error: SQLSTATE[HY000] [1045] Access denied for user 'root'@'localhost' (using password: NO)
[2026-04-20T18:55:25+00:00] [ERROR] Idees GET MySQL error: SQLSTATE[HY000] [1045] Access denied for user 'root'@'localhost' (using password: NO)
[2026-04-20T18:55:26+00:00] [ERROR] Idees GET MySQL error: SQLSTATE[HY000] [1045] Access denied for user 'root'@'localhost' (using password: NO)
[2026-04-20T18:55:27+00:00] [ERROR] Idees GET MySQL error: SQLSTATE[HY000] [1045] Access denied for user 'root'@'localhost' (using password: NO)
[2026-04-20T19:03:20+00:00] [ERROR] Idees GET MySQL error: SQLSTATE[HY000] [1045] Access denied for user 'root'@'localhost' (using password: NO)
[2026-04-20T19:03:20+00:00] [ERROR] Idees GET MySQL error: SQLSTATE[HY000] [1045] Access denied for user 'root'@'localhost' (using password: NO)
[2026-04-20T19:03:20+00:00] [ERROR] Idees GET MySQL error: SQLSTATE[HY000] [1045] Access denied for user 'root'@'localhost' (using password: NO)
[2026-04-20T19:12:20+00:00] [ERROR] Idees GET MySQL error: SQLSTATE[HY000] [1045] Access denied for user 'root'@'localhost' (using password: NO)
[2026-04-20T19:12:20+00:00] [ERROR] Idees GET MySQL error: SQLSTATE[HY000] [1045] Access denied for user 'root'@'localhost' (using password: NO)
[2026-04-20T19:12:20+00:00] [ERROR] Idees GET MySQL error: SQLSTATE[HY000] [1045] Access denied for user 'root'@'localhost' (using password: NO)
[2026-04-20T19:12:27+00:00] [ERROR] Signalements GET MySQL error: SQLSTATE[HY000] [1045] Access denied for user 'root'@'localhost' (using password: NO)
[2026-04-20T19:12:27+00:00] [ERROR] Signalements GET MySQL error: SQLSTATE[HY000] [1045] Access denied for user 'root'@'localhost' (using password: NO)
[2026-04-20T19:12:27+00:00] [ERROR] Signalements GET MySQL error: SQLSTATE[HY000] [1045] Access denied for user 'root'@'localhost' (using password: NO)
[2026-04-20T19:12:27+00:00] [ERROR] Idees GET MySQL error: SQLSTATE[HY000] [1045] Access denied for user 'root'@'localhost' (using password: NO)
[2026-04-20T19:12:27+00:00] [ERROR] Idees GET MySQL error: SQLSTATE[HY000] [1045] Access denied for user 'root'@'localhost' (using password: NO)
[2026-04-20T19:12:27+00:00] [ERROR] Idees GET MySQL error: SQLSTATE[HY000] [1045] Access denied for user 'root'@'localhost' (using password: NO)
[2026-04-20T19:13:33+00:00] [ERROR] Signalements GET MySQL error: SQLSTATE[HY000] [1045] Access denied for user 'root'@'localhost' (using password: NO)
[2026-04-20T19:13:33+00:00] [ERROR] Signalements GET MySQL error: SQLSTATE[HY000] [1045] Access denied for user 'root'@'localhost' (using password: NO)
[2026-04-20T19:13:33+00:00] [ERROR] Signalements GET MySQL error: SQLSTATE[HY000] [1045] Access denied for user 'root'@'localhost' (using password: NO)
[2026-04-20T19:13:33+00:00] [ERROR] Idees GET MySQL error: SQLSTATE[HY000] [1045] Access denied for user 'root'@'localhost' (using password: NO)
[2026-04-20T19:13:33+00:00] [ERROR] Idees GET MySQL error: SQLSTATE[HY000] [1045] Access denied for user 'root'@'localhost' (using password: NO)
[2026-04-20T19:13:33+00:00] [ERROR] Idees GET MySQL error: SQLSTATE[HY000] [1045] Access denied for user 'root'@'localhost' (using password: NO)
[2026-04-20T19:13:56+00:00] [ERROR] Signalements GET MySQL error: SQLSTATE[HY000] [1045] Access denied for user 'root'@'localhost' (using password: NO)
[2026-04-20T19:13:56+00:00] [ERROR] Signalements GET MySQL error: SQLSTATE[HY000] [1045] Access denied for user 'root'@'localhost' (using password: NO)
[2026-04-20T19:13:56+00:00] [ERROR] Signalements GET MySQL error: SQLSTATE[HY000] [1045] Access denied for user 'root'@'localhost' (using password: NO)
[2026-04-20T19:13:56+00:00] [ERROR] Idees GET MySQL error: SQLSTATE[HY000] [1045] Access denied for user 'root'@'localhost' (using password: NO)
[2026-04-20T19:13:56+00:00] [ERROR] Idees GET MySQL error: SQLSTATE[HY000] [1045] Access denied for user 'root'@'localhost' (using password: NO)
[2026-04-20T19:13:56+00:00] [ERROR] Idees GET MySQL error: SQLSTATE[HY000] [1045] Access denied for user 'root'@'localhost' (using password: NO)
[2026-04-20T19:14:33+00:00] [ERROR] Signalements GET MySQL error: SQLSTATE[HY000] [1045] Access denied for user 'root'@'localhost' (using password: NO)
[2026-04-20T19:14:33+00:00] [ERROR] Signalements GET MySQL error: SQLSTATE[HY000] [1045] Access denied for user 'root'@'localhost' (using password: NO)
[2026-04-20T19:14:33+00:00] [ERROR] Signalements GET MySQL error: SQLSTATE[HY000] [1045] Access denied for user 'root'@'localhost' (using password: NO)
[2026-04-20T19:14:34+00:00] [ERROR] Idees GET MySQL error: SQLSTATE[HY000] [1045] Access denied for user 'root'@'localhost' (using password: NO)
[2026-04-20T19:14:34+00:00] [ERROR] Idees GET MySQL error: SQLSTATE[HY000] [1045] Access denied for user 'root'@'localhost' (using password: NO)
[2026-04-20T19:14:34+00:00] [ERROR] Idees GET MySQL error: SQLSTATE[HY000] [1045] Access denied for user 'root'@'localhost' (using password: NO)
[2026-04-20T19:23:10+00:00] [ERROR] Idees GET MySQL error: SQLSTATE[HY000] [1045] Access denied for user 'root'@'localhost' (using password: NO)
[2026-04-20T19:23:10+00:00] [ERROR] Idees GET MySQL error: SQLSTATE[HY000] [1045] Access denied for user 'root'@'localhost' (using password: NO)
[2026-04-20T19:23:10+00:00] [ERROR] Idees GET MySQL error: SQLSTATE[HY000] [1045] Access denied for user 'root'@'localhost' (using password: NO)
[2026-04-20T22:25:34+00:00] [ERROR] Signalements GET MySQL error: SQLSTATE[HY000] [1045] Access denied for user 'root'@'localhost' (using password: NO)
[2026-04-20T22:25:34+00:00] [ERROR] Signalements GET MySQL error: SQLSTATE[HY000] [1045] Access denied for user 'root'@'localhost' (using password: NO)
[2026-04-20T22:25:34+00:00] [ERROR] Signalements GET MySQL error: SQLSTATE[HY000] [1045] Access denied for user 'root'@'localhost' (using password: NO)
[2026-04-20T22:25:34+00:00] [ERROR] Idees GET MySQL error: SQLSTATE[HY000] [1045] Access denied for user 'root'@'localhost' (using password: NO)
[2026-04-20T22:25:34+00:00] [ERROR] Idees GET MySQL error: SQLSTATE[HY000] [1045] Access denied for user 'root'@'localhost' (using password: NO)
[2026-04-20T22:25:34+00:00] [ERROR] Idees GET MySQL error: SQLSTATE[HY000] [1045] Access denied for user 'root'@'localhost' (using password: NO)
[2026-04-20T22:25:45+00:00] [ERROR] Signalements GET MySQL error: SQLSTATE[HY000] [1045] Access denied for user 'root'@'localhost' (using password: NO)
[2026-04-20T22:25:45+00:00] [ERROR] Signalements GET MySQL error: SQLSTATE[HY000] [1045] Access denied for user 'root'@'localhost' (using password: NO)
[2026-04-20T22:25:45+00:00] [ERROR] Signalements GET MySQL error: SQLSTATE[HY000] [1045] Access denied for user 'root'@'localhost' (using password: NO)
[2026-04-20T22:25:46+00:00] [ERROR] Idees GET MySQL error: SQLSTATE[HY000] [1045] Access denied for user 'root'@'localhost' (using password: NO)
[2026-04-20T22:25:46+00:00] [ERROR] Idees GET MySQL error: SQLSTATE[HY000] [1045] Access denied for user 'root'@'localhost' (using password: NO)
[2026-04-20T22:25:46+00:00] [ERROR] Idees GET MySQL error: SQLSTATE[HY000] [1045] Access denied for user 'root'@'localhost' (using password: NO)
[2026-04-20T22:25:57+00:00] [ERROR] Idees GET MySQL error: SQLSTATE[HY000] [1045] Access denied for user 'root'@'localhost' (using password: NO)
[2026-04-20T22:25:57+00:00] [ERROR] Idees GET MySQL error: SQLSTATE[HY000] [1045] Access denied for user 'root'@'localhost' (using password: NO)
[2026-04-20T22:25:57+00:00] [ERROR] Idees GET MySQL error: SQLSTATE[HY000] [1045] Access denied for user 'root'@'localhost' (using password: NO)
[2026-04-20T22:26:11+00:00] [ERROR] Signalements GET MySQL error: SQLSTATE[HY000] [1045] Access denied for user 'root'@'localhost' (using password: NO)
[2026-04-20T22:26:11+00:00] [ERROR] Signalements GET MySQL error: SQLSTATE[HY000] [1045] Access denied for user 'root'@'localhost' (using password: NO)
[2026-04-20T22:26:11+00:00] [ERROR] Signalements GET MySQL error: SQLSTATE[HY000] [1045] Access denied for user 'root'@'localhost' (using password: NO)
[2026-04-20T22:27:52+00:00] [ERROR] Idees GET MySQL error: SQLSTATE[HY000] [1045] Access denied for user 'root'@'localhost' (using password: NO)
[2026-04-20T22:27:52+00:00] [ERROR] Idees GET MySQL error: SQLSTATE[HY000] [1045] Access denied for user 'root'@'localhost' (using password: NO)
[2026-04-20T22:27:52+00:00] [ERROR] Idees GET MySQL error: SQLSTATE[HY000] [1045] Access denied for user 'root'@'localhost' (using password: NO)
[2026-04-20T22:28:35+00:00] [ERROR] Idees GET MySQL error: SQLSTATE[HY000] [1045] Access denied for user 'root'@'localhost' (using password: NO)
[2026-04-20T22:28:35+00:00] [ERROR] Idees GET MySQL error: SQLSTATE[HY000] [1045] Access denied for user 'root'@'localhost' (using password: NO)
[2026-04-20T22:28:35+00:00] [ERROR] Idees GET MySQL error: SQLSTATE[HY000] [1045] Access denied for user 'root'@'localhost' (using password: NO)
[2026-04-20T22:28:41+00:00] [ERROR] Signalements GET MySQL error: SQLSTATE[HY000] [1045] Access denied for user 'root'@'localhost' (using password: NO)
[2026-04-20T22:28:41+00:00] [ERROR] Signalements GET MySQL error: SQLSTATE[HY000] [1045] Access denied for user 'root'@'localhost' (using password: NO)
[2026-04-20T22:28:41+00:00] [ERROR] Signalements GET MySQL error: SQLSTATE[HY000] [1045] Access denied for user 'root'@'localhost' (using password: NO)
[2026-04-20T22:28:41+00:00] [ERROR] Idees GET MySQL error: SQLSTATE[HY000] [1045] Access denied for user 'root'@'localhost' (using password: NO)
[2026-04-20T22:28:41+00:00] [ERROR] Idees GET MySQL error: SQLSTATE[HY000] [1045] Access denied for user 'root'@'localhost' (using password: NO)
[2026-04-20T22:28:41+00:00] [ERROR] Idees GET MySQL error: SQLSTATE[HY000] [1045] Access denied for user 'root'@'localhost' (using password: NO)
[2026-04-20T22:28:46+00:00] [ERROR] Signalements GET MySQL error: SQLSTATE[HY000] [1045] Access denied for user 'root'@'localhost' (using password: NO)
[2026-04-20T22:28:46+00:00] [ERROR] Signalements GET MySQL error: SQLSTATE[HY000] [1045] Access denied for user 'root'@'localhost' (using password: NO)
[2026-04-20T22:28:46+00:00] [ERROR] Signalements GET MySQL error: SQLSTATE[HY000] [1045] Access denied for user 'root'@'localhost' (using password: NO)
[2026-04-20T22:28:46+00:00] [ERROR] Idees GET MySQL error: SQLSTATE[HY000] [1045] Access denied for user 'root'@'localhost' (using password: NO)
[2026-04-20T22:28:46+00:00] [ERROR] Idees GET MySQL error: SQLSTATE[HY000] [1045] Access denied for user 'root'@'localhost' (using password: NO)
[2026-04-20T22:28:46+00:00] [ERROR] Idees GET MySQL error: SQLSTATE[HY000] [1045] Access denied for user 'root'@'localhost' (using password: NO)
[2026-04-20T22:29:47+00:00] [ERROR] Signalements GET MySQL error: SQLSTATE[HY000] [1045] Access denied for user 'root'@'localhost' (using password: NO)
[2026-04-20T22:29:47+00:00] [ERROR] Signalements GET MySQL error: SQLSTATE[HY000] [1045] Access denied for user 'root'@'localhost' (using password: NO)
[2026-04-20T22:29:47+00:00] [ERROR] Signalements GET MySQL error: SQLSTATE[HY000] [1045] Access denied for user 'root'@'localhost' (using password: NO)
[2026-04-20T22:29:47+00:00] [ERROR] Idees GET MySQL error: SQLSTATE[HY000] [1045] Access denied for user 'root'@'localhost' (using password: NO)
[2026-04-20T22:29:47+00:00] [ERROR] Idees GET MySQL error: SQLSTATE[HY000] [1045] Access denied for user 'root'@'localhost' (using password: NO)
[2026-04-20T22:29:47+00:00] [ERROR] Idees GET MySQL error: SQLSTATE[HY000] [1045] Access denied for user 'root'@'localhost' (using password: NO)
[2026-04-20T22:35:25+00:00] [ERROR] Signalements GET MySQL error: SQLSTATE[HY000] [1045] Access denied for user 'root'@'localhost' (using password: NO)
[2026-04-20T22:35:25+00:00] [ERROR] Signalements GET MySQL error: SQLSTATE[HY000] [1045] Access denied for user 'root'@'localhost' (using password: NO)
[2026-04-20T22:35:25+00:00] [ERROR] Signalements GET MySQL error: SQLSTATE[HY000] [1045] Access denied for user 'root'@'localhost' (using password: NO)
[2026-04-20T22:35:25+00:00] [ERROR] Idees GET MySQL error: SQLSTATE[HY000] [1045] Access denied for user 'root'@'localhost' (using password: NO)
[2026-04-20T22:35:25+00:00] [ERROR] Idees GET MySQL error: SQLSTATE[HY000] [1045] Access denied for user 'root'@'localhost' (using password: NO)
[2026-04-20T22:35:25+00:00] [ERROR] Idees GET MySQL error: SQLSTATE[HY000] [1045] Access denied for user 'root'@'localhost' (using password: NO)
[2026-04-20T22:35:35+00:00] [ERROR] Idees GET MySQL error: SQLSTATE[HY000] [1045] Access denied for user 'root'@'localhost' (using password: NO)
[2026-04-20T22:35:35+00:00] [ERROR] Idees GET MySQL error: SQLSTATE[HY000] [1045] Access denied for user 'root'@'localhost' (using password: NO)
[2026-04-20T22:35:35+00:00] [ERROR] Idees GET MySQL error: SQLSTATE[HY000] [1045] Access denied for user 'root'@'localhost' (using password: NO)
[2026-04-20T22:35:46+00:00] [ERROR] Signalements GET MySQL error: SQLSTATE[HY000] [1045] Access denied for user 'root'@'localhost' (using password: NO)
[2026-04-20T22:35:46+00:00] [ERROR] Signalements GET MySQL error: SQLSTATE[HY000] [1045] Access denied for user 'root'@'localhost' (using password: NO)
[2026-04-20T22:35:46+00:00] [ERROR] Signalements GET MySQL error: SQLSTATE[HY000] [1045] Access denied for user 'root'@'localhost' (using password: NO)
[2026-04-20T22:35:55+00:00] [ERROR] Idees GET MySQL error: SQLSTATE[HY000] [1045] Access denied for user 'root'@'localhost' (using password: NO)
[2026-04-20T22:35:55+00:00] [ERROR] Idees GET MySQL error: SQLSTATE[HY000] [1045] Access denied for user 'root'@'localhost' (using password: NO)
[2026-04-20T22:35:55+00:00] [ERROR] Idees GET MySQL error: SQLSTATE[HY000] [1045] Access denied for user 'root'@'localhost' (using password: NO)
[2026-04-20T22:42:26+00:00] [ERROR] Idees GET MySQL error: SQLSTATE[HY000] [1045] Access denied for user 'root'@'localhost' (using password: NO)
[2026-04-20T22:42:26+00:00] [ERROR] Idees GET MySQL error: SQLSTATE[HY000] [1045] Access denied for user 'root'@'localhost' (using password: NO)
[2026-04-20T22:42:26+00:00] [ERROR] Idees GET MySQL error: SQLSTATE[HY000] [1045] Access denied for user 'root'@'localhost' (using password: NO)
[2026-04-20T22:42:41+00:00] [ERROR] Signalements GET MySQL error: SQLSTATE[HY000] [1045] Access denied for user 'root'@'localhost' (using password: NO)
[2026-04-20T22:42:41+00:00] [ERROR] Signalements GET MySQL error: SQLSTATE[HY000] [1045] Access denied for user 'root'@'localhost' (using password: NO)
[2026-04-20T22:42:41+00:00] [ERROR] Signalements GET MySQL error: SQLSTATE[HY000] [1045] Access denied for user 'root'@'localhost' (using password: NO)
[2026-04-20T22:44:47+00:00] [ERROR] Signalements GET MySQL error: SQLSTATE[HY000] [1045] Access denied for user 'root'@'localhost' (using password: NO)
[2026-04-20T22:44:47+00:00] [ERROR] Signalements GET MySQL error: SQLSTATE[HY000] [1045] Access denied for user 'root'@'localhost' (using password: NO)
[2026-04-20T22:44:47+00:00] [ERROR] Signalements GET MySQL error: SQLSTATE[HY000] [1045] Access denied for user 'root'@'localhost' (using password: NO)
[2026-04-20T22:45:01+00:00] [ERROR] Signalements GET MySQL error: SQLSTATE[HY000] [1045] Access denied for user 'root'@'localhost' (using password: NO)
[2026-04-20T22:45:01+00:00] [ERROR] Signalements GET MySQL error: SQLSTATE[HY000] [1045] Access denied for user 'root'@'localhost' (using password: NO)
[2026-04-20T22:45:01+00:00] [ERROR] Signalements GET MySQL error: SQLSTATE[HY000] [1045] Access denied for user 'root'@'localhost' (using password: NO)
[2026-04-20T22:45:02+00:00] [ERROR] Idees GET MySQL error: SQLSTATE[HY000] [1045] Access denied for user 'root'@'localhost' (using password: NO)
[2026-04-20T22:45:02+00:00] [ERROR] Idees GET MySQL error: SQLSTATE[HY000] [1045] Access denied for user 'root'@'localhost' (using password: NO)
[2026-04-20T22:45:02+00:00] [ERROR] Idees GET MySQL error: SQLSTATE[HY000] [1045] Access denied for user 'root'@'localhost' (using password: NO)
[2026-04-20T22:45:21+00:00] [ERROR] Idees GET MySQL error: SQLSTATE[HY000] [1045] Access denied for user 'root'@'localhost' (using password: NO)
[2026-04-20T22:45:21+00:00] [ERROR] Idees GET MySQL error: SQLSTATE[HY000] [1045] Access denied for user 'root'@'localhost' (using password: NO)
[2026-04-20T22:45:21+00:00] [ERROR] Idees GET MySQL error: SQLSTATE[HY000] [1045] Access denied for user 'root'@'localhost' (using password: NO)
[2026-04-22T10:48:57+00:00] [ERROR] Signalements GET MySQL error: SQLSTATE[HY000] [1045] Access denied for user 'root'@'localhost' (using password: NO)
[2026-04-22T10:48:57+00:00] [ERROR] Signalements GET MySQL error: SQLSTATE[HY000] [1045] Access denied for user 'root'@'localhost' (using password: NO)
[2026-04-22T10:48:57+00:00] [ERROR] Signalements GET MySQL error: SQLSTATE[HY000] [1045] Access denied for user 'root'@'localhost' (using password: NO)
[2026-04-22T10:48:57+00:00] [ERROR] Idees GET MySQL error: SQLSTATE[HY000] [1045] Access denied for user 'root'@'localhost' (using password: NO)
[2026-04-22T10:48:57+00:00] [ERROR] Idees GET MySQL error: SQLSTATE[HY000] [1045] Access denied for user 'root'@'localhost' (using password: NO)
[2026-04-22T10:48:57+00:00] [ERROR] Idees GET MySQL error: SQLSTATE[HY000] [1045] Access denied for user 'root'@'localhost' (using password: NO)
[2026-04-22T10:50:03+00:00] [ERROR] Signalements GET MySQL error: SQLSTATE[HY000] [1045] Access denied for user 'root'@'localhost' (using password: NO)
[2026-04-22T10:50:03+00:00] [ERROR] Signalements GET MySQL error: SQLSTATE[HY000] [1045] Access denied for user 'root'@'localhost' (using password: NO)
[2026-04-22T10:50:03+00:00] [ERROR] Signalements GET MySQL error: SQLSTATE[HY000] [1045] Access denied for user 'root'@'localhost' (using password: NO)
[2026-04-22T10:50:03+00:00] [ERROR] Idees GET MySQL error: SQLSTATE[HY000] [1045] Access denied for user 'root'@'localhost' (using password: NO)
[2026-04-22T10:50:03+00:00] [ERROR] Idees GET MySQL error: SQLSTATE[HY000] [1045] Access denied for user 'root'@'localhost' (using password: NO)
[2026-04-22T10:50:03+00:00] [ERROR] Idees GET MySQL error: SQLSTATE[HY000] [1045] Access denied for user 'root'@'localhost' (using password: NO)
[2026-04-22T10:50:05+00:00] [ERROR] Signalements GET MySQL error: SQLSTATE[HY000] [1045] Access denied for user 'root'@'localhost' (using password: NO)
[2026-04-22T10:50:05+00:00] [ERROR] Signalements GET MySQL error: SQLSTATE[HY000] [1045] Access denied for user 'root'@'localhost' (using password: NO)
[2026-04-22T10:50:05+00:00] [ERROR] Signalements GET MySQL error: SQLSTATE[HY000] [1045] Access denied for user 'root'@'localhost' (using password: NO)
[2026-04-22T10:51:07+00:00] [ERROR] Reset direct password error: SQLSTATE[HY000] [1045] Access denied for user 'root'@'localhost' (using password: NO)
[2026-04-22T10:51:27+00:00] [ERROR] Reset direct password error: SQLSTATE[HY000] [1045] Access denied for user 'root'@'localhost' (using password: NO)
[2026-04-22T10:52:54+00:00] [ERROR] Login MySQL error: SQLSTATE[HY000] [1045] Access denied for user 'root'@'localhost' (using password: NO)
[2026-04-22T10:53:27+00:00] [ERROR] Reset direct password error: SQLSTATE[HY000] [1045] Access denied for user 'root'@'localhost' (using password: NO)
[2026-04-22T11:08:26+00:00] [ERROR] Idees GET MySQL error: SQLSTATE[HY000] [1045] Access denied for user 'root'@'localhost' (using password: NO)
[2026-04-22T11:08:26+00:00] [ERROR] Idees GET MySQL error: SQLSTATE[HY000] [1045] Access denied for user 'root'@'localhost' (using password: NO)
[2026-04-22T11:08:26+00:00] [ERROR] Idees GET MySQL error: SQLSTATE[HY000] [1045] Access denied for user 'root'@'localhost' (using password: NO)
[2026-04-22T11:09:29+00:00] [ERROR] Signalements GET MySQL error: SQLSTATE[HY000] [1045] Access denied for user 'root'@'localhost' (using password: NO)
[2026-04-22T11:09:29+00:00] [ERROR] Signalements GET MySQL error: SQLSTATE[HY000] [1045] Access denied for user 'root'@'localhost' (using password: NO)
[2026-04-22T11:09:31+00:00] [ERROR] Signalements GET MySQL error: SQLSTATE[HY000] [1045] Access denied for user 'root'@'localhost' (using password: NO)
[2026-04-22T11:09:31+00:00] [ERROR] Signalements GET MySQL error: SQLSTATE[HY000] [1045] Access denied for user 'root'@'localhost' (using password: NO)
[2026-04-22T11:09:31+00:00] [ERROR] Signalements GET MySQL error: SQLSTATE[HY000] [1045] Access denied for user 'root'@'localhost' (using password: NO)
[2026-04-22T11:09:50+00:00] [ERROR] Login MySQL error: SQLSTATE[HY000] [1045] Access denied for user 'root'@'localhost' (using password: NO)
[2026-04-22T11:09:50+00:00] [ERROR] Login MySQL error: SQLSTATE[HY000] [1045] Access denied for user 'root'@'localhost' (using password: NO)
[2026-04-22T11:09:50+00:00] [ERROR] Login MySQL error: SQLSTATE[HY000] [1045] Access denied for user 'root'@'localhost' (using password: NO)
[2026-04-22T11:09:57+00:00] [ERROR] Signalements GET MySQL error: SQLSTATE[HY000] [1045] Access denied for user 'root'@'localhost' (using password: NO)
[2026-04-22T11:09:57+00:00] [ERROR] Signalements GET MySQL error: SQLSTATE[HY000] [1045] Access denied for user 'root'@'localhost' (using password: NO)
[2026-04-22T11:09:57+00:00] [ERROR] Signalements GET MySQL error: SQLSTATE[HY000] [1045] Access denied for user 'root'@'localhost' (using password: NO)
[2026-04-22T11:09:58+00:00] [ERROR] Idees GET MySQL error: SQLSTATE[HY000] [1045] Access denied for user 'root'@'localhost' (using password: NO)
[2026-04-22T11:09:58+00:00] [ERROR] Idees GET MySQL error: SQLSTATE[HY000] [1045] Access denied for user 'root'@'localhost' (using password: NO)
[2026-04-22T11:09:58+00:00] [ERROR] Idees GET MySQL error: SQLSTATE[HY000] [1045] Access denied for user 'root'@'localhost' (using password: NO)
[2026-04-22T11:13:54+00:00] [ERROR] Signalements GET MySQL error: SQLSTATE[HY000] [1045] Access denied for user 'root'@'localhost' (using password: NO)
[2026-04-22T11:13:55+00:00] [ERROR] Signalements GET MySQL error: SQLSTATE[HY000] [1045] Access denied for user 'root'@'localhost' (using password: NO)
[2026-04-22T11:13:55+00:00] [ERROR] Signalements GET MySQL error: SQLSTATE[HY000] [1045] Access denied for user 'root'@'localhost' (using password: NO)
[2026-04-22T11:14:04+00:00] [ERROR] Signalements GET MySQL error: SQLSTATE[HY000] [1045] Access denied for user 'root'@'localhost' (using password: NO)
[2026-04-22T11:14:04+00:00] [ERROR] Signalements GET MySQL error: SQLSTATE[HY000] [1045] Access denied for user 'root'@'localhost' (using password: NO)
[2026-04-22T11:14:04+00:00] [ERROR] Signalements GET MySQL error: SQLSTATE[HY000] [1045] Access denied for user 'root'@'localhost' (using password: NO)
[2026-04-22T11:14:04+00:00] [ERROR] Idees GET MySQL error: SQLSTATE[HY000] [1045] Access denied for user 'root'@'localhost' (using password: NO)
[2026-04-22T11:14:04+00:00] [ERROR] Idees GET MySQL error: SQLSTATE[HY000] [1045] Access denied for user 'root'@'localhost' (using password: NO)
[2026-04-22T11:14:04+00:00] [ERROR] Idees GET MySQL error: SQLSTATE[HY000] [1045] Access denied for user 'root'@'localhost' (using password: NO)
[2026-04-22T11:14:05+00:00] [ERROR] Signalements GET MySQL error: SQLSTATE[HY000] [1045] Access denied for user 'root'@'localhost' (using password: NO)
[2026-04-22T11:14:05+00:00] [ERROR] Signalements GET MySQL error: SQLSTATE[HY000] [1045] Access denied for user 'root'@'localhost' (using password: NO)
[2026-04-22T11:14:05+00:00] [ERROR] Signalements GET MySQL error: SQLSTATE[HY000] [1045] Access denied for user 'root'@'localhost' (using password: NO)
[2026-04-22T11:14:12+00:00] [ERROR] Signalements GET MySQL error: SQLSTATE[HY000] [1045] Access denied for user 'root'@'localhost' (using password: NO)
[2026-04-22T11:14:13+00:00] [ERROR] Signalements GET MySQL error: SQLSTATE[HY000] [1045] Access denied for user 'root'@'localhost' (using password: NO)
[2026-04-22T11:14:13+00:00] [ERROR] Signalements GET MySQL error: SQLSTATE[HY000] [1045] Access denied for user 'root'@'localhost' (using password: NO)
[2026-04-22T11:14:32+00:00] [ERROR] Idees GET MySQL error: SQLSTATE[HY000] [1045] Access denied for user 'root'@'localhost' (using password: NO)
[2026-04-22T11:14:32+00:00] [ERROR] Idees GET MySQL error: SQLSTATE[HY000] [1045] Access denied for user 'root'@'localhost' (using password: NO)
[2026-04-22T11:14:33+00:00] [ERROR] Idees GET MySQL error: SQLSTATE[HY000] [1045] Access denied for user 'root'@'localhost' (using password: NO)
[2026-04-22T11:25:55+00:00] [ERROR] Signalements GET MySQL error: SQLSTATE[HY000] [1045] Access denied for user 'root'@'localhost' (using password: NO)
[2026-04-22T11:25:55+00:00] [ERROR] Signalements GET MySQL error: SQLSTATE[HY000] [1045] Access denied for user 'root'@'localhost' (using password: NO)
[2026-04-22T11:25:55+00:00] [ERROR] Signalements GET MySQL error: SQLSTATE[HY000] [1045] Access denied for user 'root'@'localhost' (using password: NO)
[2026-04-22T11:25:55+00:00] [ERROR] Idees GET MySQL error: SQLSTATE[HY000] [1045] Access denied for user 'root'@'localhost' (using password: NO)
[2026-04-22T11:25:55+00:00] [ERROR] Idees GET MySQL error: SQLSTATE[HY000] [1045] Access denied for user 'root'@'localhost' (using password: NO)
[2026-04-22T11:25:55+00:00] [ERROR] Idees GET MySQL error: SQLSTATE[HY000] [1045] Access denied for user 'root'@'localhost' (using password: NO)
[2026-04-22T11:26:23+00:00] [ERROR] Signalements GET MySQL error: SQLSTATE[HY000] [1045] Access denied for user 'root'@'localhost' (using password: NO)
[2026-04-22T11:26:23+00:00] [ERROR] Signalements GET MySQL error: SQLSTATE[HY000] [1045] Access denied for user 'root'@'localhost' (using password: NO)
[2026-04-22T11:26:23+00:00] [ERROR] Signalements GET MySQL error: SQLSTATE[HY000] [1045] Access denied for user 'root'@'localhost' (using password: NO)
[2026-04-22T11:26:23+00:00] [ERROR] Idees GET MySQL error: SQLSTATE[HY000] [1045] Access denied for user 'root'@'localhost' (using password: NO)
[2026-04-22T11:26:23+00:00] [ERROR] Idees GET MySQL error: SQLSTATE[HY000] [1045] Access denied for user 'root'@'localhost' (using password: NO)
[2026-04-22T11:26:23+00:00] [ERROR] Idees GET MySQL error: SQLSTATE[HY000] [1045] Access denied for user 'root'@'localhost' (using password: NO)
[2026-04-22T11:26:26+00:00] [ERROR] Signalements GET MySQL error: SQLSTATE[HY000] [1045] Access denied for user 'root'@'localhost' (using password: NO)
[2026-04-22T11:26:26+00:00] [ERROR] Signalements GET MySQL error: SQLSTATE[HY000] [1045] Access denied for user 'root'@'localhost' (using password: NO)
[2026-04-22T11:26:26+00:00] [ERROR] Signalements GET MySQL error: SQLSTATE[HY000] [1045] Access denied for user 'root'@'localhost' (using password: NO)
[2026-04-22T11:27:29+00:00] [ERROR] Signalements GET MySQL error: SQLSTATE[HY000] [1045] Access denied for user 'root'@'localhost' (using password: NO)
[2026-04-22T11:27:29+00:00] [ERROR] Signalements GET MySQL error: SQLSTATE[HY000] [1045] Access denied for user 'root'@'localhost' (using password: NO)
[2026-04-22T11:27:29+00:00] [ERROR] Signalements GET MySQL error: SQLSTATE[HY000] [1045] Access denied for user 'root'@'localhost' (using password: NO)
[2026-04-22T11:27:29+00:00] [ERROR] Idees GET MySQL error: SQLSTATE[HY000] [1045] Access denied for user 'root'@'localhost' (using password: NO)
[2026-04-22T11:27:29+00:00] [ERROR] Idees GET MySQL error: SQLSTATE[HY000] [1045] Access denied for user 'root'@'localhost' (using password: NO)
[2026-04-22T11:27:29+00:00] [ERROR] Idees GET MySQL error: SQLSTATE[HY000] [1045] Access denied for user 'root'@'localhost' (using password: NO)
[2026-04-22T11:28:10+00:00] [ERROR] Idees GET MySQL error: SQLSTATE[HY000] [1045] Access denied for user 'root'@'localhost' (using password: NO)
[2026-04-22T11:28:10+00:00] [ERROR] Idees GET MySQL error: SQLSTATE[HY000] [1045] Access denied for user 'root'@'localhost' (using password: NO)
[2026-04-22T11:28:10+00:00] [ERROR] Idees GET MySQL error: SQLSTATE[HY000] [1045] Access denied for user 'root'@'localhost' (using password: NO)
[2026-04-22T16:02:50+00:00] [ERROR] Reset direct password error: SQLSTATE[HY000] [1045] Access denied for user 'root'@'localhost' (using password: NO)
[2026-04-22T16:02:57+00:00] [ERROR] Reset direct password error: SQLSTATE[HY000] [1045] Access denied for user 'root'@'localhost' (using password: NO)
[2026-04-22T16:03:14+00:00] [ERROR] Login MySQL error: SQLSTATE[HY000] [1045] Access denied for user 'root'@'localhost' (using password: NO)
[2026-04-22T16:03:14+00:00] [ERROR] Login MySQL error: SQLSTATE[HY000] [1045] Access denied for user 'root'@'localhost' (using password: NO)
[2026-04-22T16:03:14+00:00] [ERROR] Login MySQL error: SQLSTATE[HY000] [1045] Access denied for user 'root'@'localhost' (using password: NO)
[2026-04-22T16:04:00+00:00] [ERROR] Signalements GET MySQL error: SQLSTATE[HY000] [1045] Access denied for user 'root'@'localhost' (using password: NO)
[2026-04-22T16:04:00+00:00] [ERROR] Signalements GET MySQL error: SQLSTATE[HY000] [1045] Access denied for user 'root'@'localhost' (using password: NO)
[2026-04-22T16:04:00+00:00] [ERROR] Signalements GET MySQL error: SQLSTATE[HY000] [1045] Access denied for user 'root'@'localhost' (using password: NO)
[2026-04-22T16:04:00+00:00] [ERROR] Idees GET MySQL error: SQLSTATE[HY000] [1045] Access denied for user 'root'@'localhost' (using password: NO)
[2026-04-22T16:04:00+00:00] [ERROR] Idees GET MySQL error: SQLSTATE[HY000] [1045] Access denied for user 'root'@'localhost' (using password: NO)
[2026-04-22T16:04:00+00:00] [ERROR] Idees GET MySQL error: SQLSTATE[HY000] [1045] Access denied for user 'root'@'localhost' (using password: NO)
[2026-04-22T16:04:35+00:00] [ERROR] Signalements GET MySQL error: SQLSTATE[HY000] [1045] Access denied for user 'root'@'localhost' (using password: NO)
[2026-04-22T16:04:36+00:00] [ERROR] Signalements GET MySQL error: SQLSTATE[HY000] [1045] Access denied for user 'root'@'localhost' (using password: NO)
[2026-04-22T16:04:36+00:00] [ERROR] Signalements GET MySQL error: SQLSTATE[HY000] [1045] Access denied for user 'root'@'localhost' (using password: NO)
[2026-04-22T16:04:36+00:00] [ERROR] Idees GET MySQL error: SQLSTATE[HY000] [1045] Access denied for user 'root'@'localhost' (using password: NO)
[2026-04-22T16:04:36+00:00] [ERROR] Idees GET MySQL error: SQLSTATE[HY000] [1045] Access denied for user 'root'@'localhost' (using password: NO)
[2026-04-22T16:04:36+00:00] [ERROR] Idees GET MySQL error: SQLSTATE[HY000] [1045] Access denied for user 'root'@'localhost' (using password: NO)
[2026-04-22T16:05:52+00:00] [ERROR] Reset direct password error: SQLSTATE[HY000] [1045] Access denied for user 'root'@'localhost' (using password: NO)
[2026-05-19T14:12:23+00:00] [ERROR] SMTP connexion échouée: php_network_getaddresses: getaddrinfo for smtp.gmail.com failed: Hôte inconnu
[2026-05-19T14:40:23+00:00] [ERROR] Admin dashboard error: SQLSTATE[42S22]: Column not found: 1054 Unknown column 'i.status' in 'field list'
[2026-05-19T14:40:23+00:00] [ERROR] Admin dashboard error: SQLSTATE[42S22]: Column not found: 1054 Unknown column 'i.status' in 'field list'
[2026-05-19T14:40:23+00:00] [ERROR] Admin dashboard error: SQLSTATE[42S22]: Column not found: 1054 Unknown column 'i.status' in 'field list'
[2026-05-19T14:41:23+00:00] [ERROR] Admin dashboard error: SQLSTATE[42S22]: Column not found: 1054 Unknown column 'i.status' in 'field list'
[2026-05-19T14:41:23+00:00] [ERROR] Admin dashboard error: SQLSTATE[42S22]: Column not found: 1054 Unknown column 'i.status' in 'field list'
[2026-05-19T14:41:23+00:00] [ERROR] Admin dashboard error: SQLSTATE[42S22]: Column not found: 1054 Unknown column 'i.status' in 'field list'
[2026-05-19T14:41:46+00:00] [ERROR] Admin dashboard error: SQLSTATE[42S22]: Column not found: 1054 Unknown column 'i.status' in 'field list'
[2026-05-19T14:41:46+00:00] [ERROR] Admin dashboard error: SQLSTATE[42S22]: Column not found: 1054 Unknown column 'i.status' in 'field list'
[2026-05-19T14:41:47+00:00] [ERROR] Admin dashboard error: SQLSTATE[42S22]: Column not found: 1054 Unknown column 'i.status' in 'field list'
[2026-05-19T14:41:58+00:00] [ERROR] Admin dashboard error: SQLSTATE[42S22]: Column not found: 1054 Unknown column 'i.status' in 'field list'
[2026-05-19T14:41:58+00:00] [ERROR] Admin dashboard error: SQLSTATE[42S22]: Column not found: 1054 Unknown column 'i.status' in 'field list'
[2026-05-19T14:41:58+00:00] [ERROR] Admin dashboard error: SQLSTATE[42S22]: Column not found: 1054 Unknown column 'i.status' in 'field list'
[2026-05-19T14:42:27+00:00] [ERROR] Admin dashboard error: SQLSTATE[42S22]: Column not found: 1054 Unknown column 'i.status' in 'field list'
[2026-05-19T14:42:28+00:00] [ERROR] Admin dashboard error: SQLSTATE[42S22]: Column not found: 1054 Unknown column 'i.status' in 'field list'
[2026-05-19T14:42:28+00:00] [ERROR] Admin dashboard error: SQLSTATE[42S22]: Column not found: 1054 Unknown column 'i.status' in 'field list'
[2026-05-19T14:42:30+00:00] [ERROR] Admin dashboard error: SQLSTATE[42S22]: Column not found: 1054 Unknown column 'i.status' in 'field list'
[2026-05-19T14:42:30+00:00] [ERROR] Admin dashboard error: SQLSTATE[42S22]: Column not found: 1054 Unknown column 'i.status' in 'field list'
[2026-05-19T14:42:30+00:00] [ERROR] Admin dashboard error: SQLSTATE[42S22]: Column not found: 1054 Unknown column 'i.status' in 'field list'
[2026-05-19T14:42:47+00:00] [ERROR] Admin dashboard error: SQLSTATE[42S22]: Column not found: 1054 Unknown column 'i.status' in 'field list'
[2026-05-19T14:42:47+00:00] [ERROR] Admin dashboard error: SQLSTATE[42S22]: Column not found: 1054 Unknown column 'i.status' in 'field list'
[2026-05-19T14:42:48+00:00] [ERROR] Admin dashboard error: SQLSTATE[42S22]: Column not found: 1054 Unknown column 'i.status' in 'field list'
[2026-05-19T14:42:49+00:00] [ERROR] Admin dashboard error: SQLSTATE[42S22]: Column not found: 1054 Unknown column 'i.status' in 'field list'
[2026-05-19T14:42:49+00:00] [ERROR] Admin dashboard error: SQLSTATE[42S22]: Column not found: 1054 Unknown column 'i.status' in 'field list'
[2026-05-19T14:43:19+00:00] [ERROR] Admin dashboard error: SQLSTATE[42S22]: Column not found: 1054 Unknown column 'i.status' in 'field list'
[2026-05-19T14:43:19+00:00] [ERROR] Admin dashboard error: SQLSTATE[42S22]: Column not found: 1054 Unknown column 'i.status' in 'field list'
[2026-05-19T14:43:19+00:00] [ERROR] Admin dashboard error: SQLSTATE[42S22]: Column not found: 1054 Unknown column 'i.status' in 'field list'
[2026-05-19T14:43:49+00:00] [ERROR] Admin dashboard error: SQLSTATE[42S22]: Column not found: 1054 Unknown column 'i.status' in 'field list'
[2026-05-19T14:43:49+00:00] [ERROR] Admin dashboard error: SQLSTATE[42S22]: Column not found: 1054 Unknown column 'i.status' in 'field list'
[2026-05-19T14:43:49+00:00] [ERROR] Admin dashboard error: SQLSTATE[42S22]: Column not found: 1054 Unknown column 'i.status' in 'field list'
[2026-05-19T14:44:19+00:00] [ERROR] Admin dashboard error: SQLSTATE[42S22]: Column not found: 1054 Unknown column 'i.status' in 'field list'
[2026-05-19T14:44:19+00:00] [ERROR] Admin dashboard error: SQLSTATE[42S22]: Column not found: 1054 Unknown column 'i.status' in 'field list'
[2026-05-19T14:44:19+00:00] [ERROR] Admin dashboard error: SQLSTATE[42S22]: Column not found: 1054 Unknown column 'i.status' in 'field list'
[2026-05-19T14:44:49+00:00] [ERROR] Admin dashboard error: SQLSTATE[42S22]: Column not found: 1054 Unknown column 'i.status' in 'field list'
[2026-05-19T14:44:49+00:00] [ERROR] Admin dashboard error: SQLSTATE[42S22]: Column not found: 1054 Unknown column 'i.status' in 'field list'
[2026-05-19T14:44:49+00:00] [ERROR] Admin dashboard error: SQLSTATE[42S22]: Column not found: 1054 Unknown column 'i.status' in 'field list'
[2026-05-19T14:45:19+00:00] [ERROR] Admin dashboard error: SQLSTATE[42S22]: Column not found: 1054 Unknown column 'i.status' in 'field list'
[2026-05-19T14:45:19+00:00] [ERROR] Admin dashboard error: SQLSTATE[42S22]: Column not found: 1054 Unknown column 'i.status' in 'field list'
[2026-05-19T14:45:19+00:00] [ERROR] Admin dashboard error: SQLSTATE[42S22]: Column not found: 1054 Unknown column 'i.status' in 'field list'
[2026-05-19T14:45:49+00:00] [ERROR] Admin dashboard error: SQLSTATE[42S22]: Column not found: 1054 Unknown column 'i.status' in 'field list'
[2026-05-19T14:45:49+00:00] [ERROR] Admin dashboard error: SQLSTATE[42S22]: Column not found: 1054 Unknown column 'i.status' in 'field list'
[2026-05-19T14:45:49+00:00] [ERROR] Admin dashboard error: SQLSTATE[42S22]: Column not found: 1054 Unknown column 'i.status' in 'field list'
[2026-05-19T14:46:19+00:00] [ERROR] Admin dashboard error: SQLSTATE[42S22]: Column not found: 1054 Unknown column 'i.status' in 'field list'
[2026-05-19T14:46:19+00:00] [ERROR] Admin dashboard error: SQLSTATE[42S22]: Column not found: 1054 Unknown column 'i.status' in 'field list'
[2026-05-19T14:46:19+00:00] [ERROR] Admin dashboard error: SQLSTATE[42S22]: Column not found: 1054 Unknown column 'i.status' in 'field list'
[2026-05-19T14:46:49+00:00] [ERROR] Admin dashboard error: SQLSTATE[42S22]: Column not found: 1054 Unknown column 'i.status' in 'field list'
[2026-05-19T14:46:49+00:00] [ERROR] Admin dashboard error: SQLSTATE[42S22]: Column not found: 1054 Unknown column 'i.status' in 'field list'
[2026-05-19T14:46:49+00:00] [ERROR] Admin dashboard error: SQLSTATE[42S22]: Column not found: 1054 Unknown column 'i.status' in 'field list'
[2026-05-19T14:47:19+00:00] [ERROR] Admin dashboard error: SQLSTATE[42S22]: Column not found: 1054 Unknown column 'i.status' in 'field list'
[2026-05-19T14:47:20+00:00] [ERROR] Admin dashboard error: SQLSTATE[42S22]: Column not found: 1054 Unknown column 'i.status' in 'field list'
[2026-05-19T14:47:20+00:00] [ERROR] Admin dashboard error: SQLSTATE[42S22]: Column not found: 1054 Unknown column 'i.status' in 'field list'
[2026-05-19T14:47:49+00:00] [ERROR] Admin dashboard error: SQLSTATE[42S22]: Column not found: 1054 Unknown column 'i.status' in 'field list'
[2026-05-19T14:48:19+00:00] [ERROR] Admin dashboard error: SQLSTATE[42S22]: Column not found: 1054 Unknown column 'i.status' in 'field list'
[2026-05-19T14:48:33+00:00] [ERROR] Admin dashboard error: SQLSTATE[42S22]: Column not found: 1054 Unknown column 'i.status' in 'field list'
[2026-05-19T14:49:05+00:00] [ERROR] Admin dashboard error: SQLSTATE[42S22]: Column not found: 1054 Unknown column 'i.status' in 'field list'
[2026-05-19T14:49:33+00:00] [ERROR] Admin dashboard error: SQLSTATE[42S22]: Column not found: 1054 Unknown column 'i.status' in 'field list'
[2026-05-22T08:34:31+00:00] [ERROR] Signalements GET MySQL error: SQLSTATE[HY000] [1045] Access denied for user 'root'@'localhost' (using password: YES)
[2026-05-22T08:34:31+00:00] [ERROR] Signalements GET MySQL error: SQLSTATE[HY000] [1045] Access denied for user 'root'@'localhost' (using password: YES)
[2026-05-22T08:34:31+00:00] [ERROR] Signalements GET MySQL error: SQLSTATE[HY000] [1045] Access denied for user 'root'@'localhost' (using password: YES)
[2026-05-22T08:34:31+00:00] [ERROR] Idees GET MySQL error: SQLSTATE[HY000] [1045] Access denied for user 'root'@'localhost' (using password: YES)
[2026-05-22T08:34:31+00:00] [ERROR] Idees GET MySQL error: SQLSTATE[HY000] [1045] Access denied for user 'root'@'localhost' (using password: YES)
[2026-05-22T08:34:31+00:00] [ERROR] Idees GET MySQL error: SQLSTATE[HY000] [1045] Access denied for user 'root'@'localhost' (using password: YES)
[2026-05-22T08:34:45+00:00] [ERROR] Signalements GET MySQL error: SQLSTATE[HY000] [1045] Access denied for user 'root'@'localhost' (using password: YES)
[2026-05-22T08:34:45+00:00] [ERROR] Signalements GET MySQL error: SQLSTATE[HY000] [1045] Access denied for user 'root'@'localhost' (using password: YES)
[2026-05-22T08:34:45+00:00] [ERROR] Signalements GET MySQL error: SQLSTATE[HY000] [1045] Access denied for user 'root'@'localhost' (using password: YES)
[2026-05-22T08:34:55+00:00] [ERROR] Idees GET MySQL error: SQLSTATE[HY000] [1045] Access denied for user 'root'@'localhost' (using password: YES)
[2026-05-22T08:34:55+00:00] [ERROR] Idees GET MySQL error: SQLSTATE[HY000] [1045] Access denied for user 'root'@'localhost' (using password: YES)
[2026-05-22T08:34:55+00:00] [ERROR] Idees GET MySQL error: SQLSTATE[HY000] [1045] Access denied for user 'root'@'localhost' (using password: YES)
[2026-05-22T08:35:07+00:00] [ERROR] Idees GET MySQL error: SQLSTATE[HY000] [1045] Access denied for user 'root'@'localhost' (using password: YES)
[2026-05-22T08:35:07+00:00] [ERROR] Idees GET MySQL error: SQLSTATE[HY000] [1045] Access denied for user 'root'@'localhost' (using password: YES)
[2026-05-22T08:35:07+00:00] [ERROR] Idees GET MySQL error: SQLSTATE[HY000] [1045] Access denied for user 'root'@'localhost' (using password: YES)
[2026-05-22T08:36:35+00:00] [ERROR] Login MySQL error: SQLSTATE[HY000] [1045] Access denied for user 'root'@'localhost' (using password: YES)
[2026-05-22T08:36:35+00:00] [ERROR] Login MySQL error: SQLSTATE[HY000] [1045] Access denied for user 'root'@'localhost' (using password: YES)
[2026-05-22T08:36:35+00:00] [ERROR] Login MySQL error: SQLSTATE[HY000] [1045] Access denied for user 'root'@'localhost' (using password: YES)
[2026-05-22T08:36:37+00:00] [ERROR] Signalements GET MySQL error: SQLSTATE[HY000] [1045] Access denied for user 'root'@'localhost' (using password: YES)
[2026-05-22T08:36:37+00:00] [ERROR] Signalements GET MySQL error: SQLSTATE[HY000] [1045] Access denied for user 'root'@'localhost' (using password: YES)
[2026-05-22T08:36:37+00:00] [ERROR] Signalements GET MySQL error: SQLSTATE[HY000] [1045] Access denied for user 'root'@'localhost' (using password: YES)
[2026-05-22T08:36:37+00:00] [ERROR] Idees GET MySQL error: SQLSTATE[HY000] [1045] Access denied for user 'root'@'localhost' (using password: YES)
[2026-05-22T08:36:37+00:00] [ERROR] Idees GET MySQL error: SQLSTATE[HY000] [1045] Access denied for user 'root'@'localhost' (using password: YES)
[2026-05-22T08:36:37+00:00] [ERROR] Idees GET MySQL error: SQLSTATE[HY000] [1045] Access denied for user 'root'@'localhost' (using password: YES)
[2026-05-22T08:36:44+00:00] [ERROR] Signalements GET MySQL error: SQLSTATE[HY000] [1045] Access denied for user 'root'@'localhost' (using password: YES)
[2026-05-22T08:36:44+00:00] [ERROR] Signalements GET MySQL error: SQLSTATE[HY000] [1045] Access denied for user 'root'@'localhost' (using password: YES)
[2026-05-22T08:36:44+00:00] [ERROR] Signalements GET MySQL error: SQLSTATE[HY000] [1045] Access denied for user 'root'@'localhost' (using password: YES)
[2026-05-22T08:36:53+00:00] [ERROR] Idees GET MySQL error: SQLSTATE[HY000] [1045] Access denied for user 'root'@'localhost' (using password: YES)
[2026-05-22T08:36:53+00:00] [ERROR] Idees GET MySQL error: SQLSTATE[HY000] [1045] Access denied for user 'root'@'localhost' (using password: YES)
[2026-05-22T08:36:53+00:00] [ERROR] Idees GET MySQL error: SQLSTATE[HY000] [1045] Access denied for user 'root'@'localhost' (using password: YES)
[2026-05-22T08:37:03+00:00] [ERROR] Idees GET MySQL error: SQLSTATE[HY000] [1045] Access denied for user 'root'@'localhost' (using password: YES)
[2026-05-22T08:37:03+00:00] [ERROR] Idees GET MySQL error: SQLSTATE[HY000] [1045] Access denied for user 'root'@'localhost' (using password: YES)
[2026-05-22T08:37:03+00:00] [ERROR] Idees GET MySQL error: SQLSTATE[HY000] [1045] Access denied for user 'root'@'localhost' (using password: YES)
[2026-05-22T08:37:28+00:00] [ERROR] Signalements GET MySQL error: SQLSTATE[HY000] [1045] Access denied for user 'root'@'localhost' (using password: YES)
[2026-05-22T08:37:28+00:00] [ERROR] Signalements GET MySQL error: SQLSTATE[HY000] [1045] Access denied for user 'root'@'localhost' (using password: YES)
[2026-05-22T08:37:28+00:00] [ERROR] Signalements GET MySQL error: SQLSTATE[HY000] [1045] Access denied for user 'root'@'localhost' (using password: YES)
[2026-05-22T08:37:28+00:00] [ERROR] Idees GET MySQL error: SQLSTATE[HY000] [1045] Access denied for user 'root'@'localhost' (using password: YES)
[2026-05-22T08:37:28+00:00] [ERROR] Idees GET MySQL error: SQLSTATE[HY000] [1045] Access denied for user 'root'@'localhost' (using password: YES)
[2026-05-22T08:37:28+00:00] [ERROR] Idees GET MySQL error: SQLSTATE[HY000] [1045] Access denied for user 'root'@'localhost' (using password: YES)
[2026-05-22T08:37:31+00:00] [ERROR] Signalements GET MySQL error: SQLSTATE[HY000] [1045] Access denied for user 'root'@'localhost' (using password: YES)
[2026-05-22T08:37:31+00:00] [ERROR] Signalements GET MySQL error: SQLSTATE[HY000] [1045] Access denied for user 'root'@'localhost' (using password: YES)
[2026-05-22T08:37:31+00:00] [ERROR] Signalements GET MySQL error: SQLSTATE[HY000] [1045] Access denied for user 'root'@'localhost' (using password: YES)
[2026-05-22T09:01:17+00:00] [ERROR] Idees GET MySQL error: SQLSTATE[HY000] [1045] Access denied for user 'root'@'localhost' (using password: YES)
[2026-05-22T09:01:17+00:00] [ERROR] Idees GET MySQL error: SQLSTATE[HY000] [1045] Access denied for user 'root'@'localhost' (using password: YES)
[2026-05-22T09:01:17+00:00] [ERROR] Idees GET MySQL error: SQLSTATE[HY000] [1045] Access denied for user 'root'@'localhost' (using password: YES)
[2026-05-22T09:01:22+00:00] [ERROR] Idees GET MySQL error: SQLSTATE[HY000] [1045] Access denied for user 'root'@'localhost' (using password: YES)
[2026-05-22T09:01:22+00:00] [ERROR] Idees GET MySQL error: SQLSTATE[HY000] [1045] Access denied for user 'root'@'localhost' (using password: YES)
[2026-05-22T09:01:22+00:00] [ERROR] Idees GET MySQL error: SQLSTATE[HY000] [1045] Access denied for user 'root'@'localhost' (using password: YES)
[2026-05-22T09:01:26+00:00] [ERROR] Idees GET MySQL error: SQLSTATE[HY000] [1045] Access denied for user 'root'@'localhost' (using password: YES)
[2026-05-22T09:01:26+00:00] [ERROR] Idees GET MySQL error: SQLSTATE[HY000] [1045] Access denied for user 'root'@'localhost' (using password: YES)
[2026-05-22T09:01:26+00:00] [ERROR] Idees GET MySQL error: SQLSTATE[HY000] [1045] Access denied for user 'root'@'localhost' (using password: YES)
[2026-05-22T09:01:33+00:00] [ERROR] Signalements GET MySQL error: SQLSTATE[HY000] [1045] Access denied for user 'root'@'localhost' (using password: YES)
[2026-05-22T09:01:33+00:00] [ERROR] Signalements GET MySQL error: SQLSTATE[HY000] [1045] Access denied for user 'root'@'localhost' (using password: YES)
[2026-05-22T09:01:33+00:00] [ERROR] Signalements GET MySQL error: SQLSTATE[HY000] [1045] Access denied for user 'root'@'localhost' (using password: YES)
[2026-05-22T09:03:38+00:00] [ERROR] Login MySQL error: SQLSTATE[HY000] [1045] Access denied for user 'root'@'localhost' (using password: YES)
[2026-05-22T09:03:38+00:00] [ERROR] Login MySQL error: SQLSTATE[HY000] [1045] Access denied for user 'root'@'localhost' (using password: YES)
[2026-05-22T09:03:38+00:00] [ERROR] Login MySQL error: SQLSTATE[HY000] [1045] Access denied for user 'root'@'localhost' (using password: YES)
[2026-05-22T09:03:41+00:00] [ERROR] Signalements GET MySQL error: SQLSTATE[HY000] [1045] Access denied for user 'root'@'localhost' (using password: YES)
[2026-05-22T09:03:41+00:00] [ERROR] Signalements GET MySQL error: SQLSTATE[HY000] [1045] Access denied for user 'root'@'localhost' (using password: YES)
[2026-05-22T09:03:41+00:00] [ERROR] Signalements GET MySQL error: SQLSTATE[HY000] [1045] Access denied for user 'root'@'localhost' (using password: YES)
[2026-05-22T09:03:41+00:00] [ERROR] Idees GET MySQL error: SQLSTATE[HY000] [1045] Access denied for user 'root'@'localhost' (using password: YES)
[2026-05-22T09:03:41+00:00] [ERROR] Idees GET MySQL error: SQLSTATE[HY000] [1045] Access denied for user 'root'@'localhost' (using password: YES)
[2026-05-22T09:03:41+00:00] [ERROR] Idees GET MySQL error: SQLSTATE[HY000] [1045] Access denied for user 'root'@'localhost' (using password: YES)
[2026-05-22T09:04:03+00:00] [ERROR] Idees GET MySQL error: SQLSTATE[HY000] [1045] Access denied for user 'root'@'localhost' (using password: YES)
[2026-05-22T09:04:03+00:00] [ERROR] Idees GET MySQL error: SQLSTATE[HY000] [1045] Access denied for user 'root'@'localhost' (using password: YES)
[2026-05-22T09:04:03+00:00] [ERROR] Idees GET MySQL error: SQLSTATE[HY000] [1045] Access denied for user 'root'@'localhost' (using password: YES)
[2026-05-22T09:04:12+00:00] [ERROR] Idees GET MySQL error: SQLSTATE[HY000] [1045] Access denied for user 'root'@'localhost' (using password: YES)
[2026-05-22T09:04:12+00:00] [ERROR] Idees GET MySQL error: SQLSTATE[HY000] [1045] Access denied for user 'root'@'localhost' (using password: YES)
[2026-05-22T09:04:12+00:00] [ERROR] Idees GET MySQL error: SQLSTATE[HY000] [1045] Access denied for user 'root'@'localhost' (using password: YES)
[2026-05-22T09:04:41+00:00] [ERROR] Signalements GET MySQL error: SQLSTATE[HY000] [1045] Access denied for user 'root'@'localhost' (using password: YES)
[2026-05-22T09:04:41+00:00] [ERROR] Signalements GET MySQL error: SQLSTATE[HY000] [1045] Access denied for user 'root'@'localhost' (using password: YES)
[2026-05-22T09:04:41+00:00] [ERROR] Signalements GET MySQL error: SQLSTATE[HY000] [1045] Access denied for user 'root'@'localhost' (using password: YES)
[2026-05-22T09:11:50+00:00] [ERROR] Login MySQL error: SQLSTATE[HY000] [1045] Access denied for user 'root'@'localhost' (using password: YES)
[2026-05-22T09:11:50+00:00] [ERROR] Login MySQL error: SQLSTATE[HY000] [1045] Access denied for user 'root'@'localhost' (using password: YES)
[2026-05-22T09:11:50+00:00] [ERROR] Login MySQL error: SQLSTATE[HY000] [1045] Access denied for user 'root'@'localhost' (using password: YES)
[2026-05-22T09:11:54+00:00] [ERROR] Signalements GET MySQL error: SQLSTATE[HY000] [1045] Access denied for user 'root'@'localhost' (using password: YES)
[2026-05-22T09:11:54+00:00] [ERROR] Signalements GET MySQL error: SQLSTATE[HY000] [1045] Access denied for user 'root'@'localhost' (using password: YES)
[2026-05-22T09:11:54+00:00] [ERROR] Signalements GET MySQL error: SQLSTATE[HY000] [1045] Access denied for user 'root'@'localhost' (using password: YES)
[2026-05-22T09:11:54+00:00] [ERROR] Idees GET MySQL error: SQLSTATE[HY000] [1045] Access denied for user 'root'@'localhost' (using password: YES)
[2026-05-22T09:11:54+00:00] [ERROR] Idees GET MySQL error: SQLSTATE[HY000] [1045] Access denied for user 'root'@'localhost' (using password: YES)
[2026-05-22T09:11:54+00:00] [ERROR] Idees GET MySQL error: SQLSTATE[HY000] [1045] Access denied for user 'root'@'localhost' (using password: YES)
[2026-05-22T09:29:07+00:00] [ERROR] Signalements GET MySQL error: SQLSTATE[HY000] [1045] Access denied for user 'root'@'localhost' (using password: YES)
[2026-05-22T09:29:07+00:00] [ERROR] Signalements GET MySQL error: SQLSTATE[HY000] [1045] Access denied for user 'root'@'localhost' (using password: YES)
[2026-05-22T09:29:07+00:00] [ERROR] Signalements GET MySQL error: SQLSTATE[HY000] [1045] Access denied for user 'root'@'localhost' (using password: YES)
[2026-05-22T09:29:07+00:00] [ERROR] Idees GET MySQL error: SQLSTATE[HY000] [1045] Access denied for user 'root'@'localhost' (using password: YES)
[2026-05-22T09:29:07+00:00] [ERROR] Idees GET MySQL error: SQLSTATE[HY000] [1045] Access denied for user 'root'@'localhost' (using password: YES)
[2026-05-22T09:29:07+00:00] [ERROR] Idees GET MySQL error: SQLSTATE[HY000] [1045] Access denied for user 'root'@'localhost' (using password: YES)
[2026-05-22T09:29:28+00:00] [ERROR] Signalements GET MySQL error: SQLSTATE[HY000] [1045] Access denied for user 'root'@'localhost' (using password: YES)
[2026-05-22T09:29:28+00:00] [ERROR] Signalements GET MySQL error: SQLSTATE[HY000] [1045] Access denied for user 'root'@'localhost' (using password: YES)
[2026-05-22T09:29:28+00:00] [ERROR] Signalements GET MySQL error: SQLSTATE[HY000] [1045] Access denied for user 'root'@'localhost' (using password: YES)
[2026-05-22T09:29:28+00:00] [ERROR] Idees GET MySQL error: SQLSTATE[HY000] [1045] Access denied for user 'root'@'localhost' (using password: YES)
[2026-05-22T09:29:28+00:00] [ERROR] Idees GET MySQL error: SQLSTATE[HY000] [1045] Access denied for user 'root'@'localhost' (using password: YES)
[2026-05-22T09:29:28+00:00] [ERROR] Idees GET MySQL error: SQLSTATE[HY000] [1045] Access denied for user 'root'@'localhost' (using password: YES)
[2026-05-22T09:29:30+00:00] [ERROR] Signalements GET MySQL error: SQLSTATE[HY000] [1045] Access denied for user 'root'@'localhost' (using password: YES)
[2026-05-22T09:29:30+00:00] [ERROR] Signalements GET MySQL error: SQLSTATE[HY000] [1045] Access denied for user 'root'@'localhost' (using password: YES)
[2026-05-22T09:29:30+00:00] [ERROR] Signalements GET MySQL error: SQLSTATE[HY000] [1045] Access denied for user 'root'@'localhost' (using password: YES)
[2026-05-22T09:29:30+00:00] [ERROR] Idees GET MySQL error: SQLSTATE[HY000] [1045] Access denied for user 'root'@'localhost' (using password: YES)
[2026-05-22T09:29:30+00:00] [ERROR] Idees GET MySQL error: SQLSTATE[HY000] [1045] Access denied for user 'root'@'localhost' (using password: YES)
[2026-05-22T09:29:30+00:00] [ERROR] Idees GET MySQL error: SQLSTATE[HY000] [1045] Access denied for user 'root'@'localhost' (using password: YES)
[2026-05-22T09:29:40+00:00] [ERROR] Signalements GET MySQL error: SQLSTATE[HY000] [1045] Access denied for user 'root'@'localhost' (using password: YES)
[2026-05-22T09:29:40+00:00] [ERROR] Signalements GET MySQL error: SQLSTATE[HY000] [1045] Access denied for user 'root'@'localhost' (using password: YES)
[2026-05-22T09:29:40+00:00] [ERROR] Signalements GET MySQL error: SQLSTATE[HY000] [1045] Access denied for user 'root'@'localhost' (using password: YES)
[2026-05-22T09:29:40+00:00] [ERROR] Idees GET MySQL error: SQLSTATE[HY000] [1045] Access denied for user 'root'@'localhost' (using password: YES)
[2026-05-22T09:29:40+00:00] [ERROR] Idees GET MySQL error: SQLSTATE[HY000] [1045] Access denied for user 'root'@'localhost' (using password: YES)
[2026-05-22T09:29:40+00:00] [ERROR] Idees GET MySQL error: SQLSTATE[HY000] [1045] Access denied for user 'root'@'localhost' (using password: YES)
[2026-05-22T09:30:29+00:00] [ERROR] Signalements GET MySQL error: SQLSTATE[HY000] [1045] Access denied for user 'root'@'localhost' (using password: YES)
[2026-05-22T09:30:30+00:00] [ERROR] Signalements GET MySQL error: SQLSTATE[HY000] [1045] Access denied for user 'root'@'localhost' (using password: YES)
[2026-05-22T09:30:30+00:00] [ERROR] Signalements GET MySQL error: SQLSTATE[HY000] [1045] Access denied for user 'root'@'localhost' (using password: YES)
[2026-05-22T09:30:30+00:00] [ERROR] Idees GET MySQL error: SQLSTATE[HY000] [1045] Access denied for user 'root'@'localhost' (using password: YES)
[2026-05-22T09:30:30+00:00] [ERROR] Idees GET MySQL error: SQLSTATE[HY000] [1045] Access denied for user 'root'@'localhost' (using password: YES)
[2026-05-22T09:30:30+00:00] [ERROR] Idees GET MySQL error: SQLSTATE[HY000] [1045] Access denied for user 'root'@'localhost' (using password: YES)
[2026-05-22T09:30:39+00:00] [ERROR] Signalements GET MySQL error: SQLSTATE[HY000] [1045] Access denied for user 'root'@'localhost' (using password: YES)
[2026-05-22T09:30:39+00:00] [ERROR] Signalements GET MySQL error: SQLSTATE[HY000] [1045] Access denied for user 'root'@'localhost' (using password: YES)
[2026-05-22T09:30:39+00:00] [ERROR] Signalements GET MySQL error: SQLSTATE[HY000] [1045] Access denied for user 'root'@'localhost' (using password: YES)
[2026-05-22T09:30:40+00:00] [ERROR] Idees GET MySQL error: SQLSTATE[HY000] [1045] Access denied for user 'root'@'localhost' (using password: YES)
[2026-05-22T09:30:40+00:00] [ERROR] Idees GET MySQL error: SQLSTATE[HY000] [1045] Access denied for user 'root'@'localhost' (using password: YES)
[2026-05-22T09:30:40+00:00] [ERROR] Idees GET MySQL error: SQLSTATE[HY000] [1045] Access denied for user 'root'@'localhost' (using password: YES)
[2026-05-22T09:30:50+00:00] [ERROR] Signalements GET MySQL error: SQLSTATE[HY000] [1045] Access denied for user 'root'@'localhost' (using password: YES)
[2026-05-22T09:30:50+00:00] [ERROR] Signalements GET MySQL error: SQLSTATE[HY000] [1045] Access denied for user 'root'@'localhost' (using password: YES)
[2026-05-22T09:30:50+00:00] [ERROR] Signalements GET MySQL error: SQLSTATE[HY000] [1045] Access denied for user 'root'@'localhost' (using password: YES)
[2026-05-22T09:30:50+00:00] [ERROR] Idees GET MySQL error: SQLSTATE[HY000] [1045] Access denied for user 'root'@'localhost' (using password: YES)
[2026-05-22T09:30:50+00:00] [ERROR] Idees GET MySQL error: SQLSTATE[HY000] [1045] Access denied for user 'root'@'localhost' (using password: YES)
[2026-05-22T09:30:50+00:00] [ERROR] Idees GET MySQL error: SQLSTATE[HY000] [1045] Access denied for user 'root'@'localhost' (using password: YES)
[2026-05-22T09:31:00+00:00] [ERROR] Signalements GET MySQL error: SQLSTATE[HY000] [1045] Access denied for user 'root'@'localhost' (using password: YES)
[2026-05-22T09:31:00+00:00] [ERROR] Signalements GET MySQL error: SQLSTATE[HY000] [1045] Access denied for user 'root'@'localhost' (using password: YES)
[2026-05-22T09:31:00+00:00] [ERROR] Signalements GET MySQL error: SQLSTATE[HY000] [1045] Access denied for user 'root'@'localhost' (using password: YES)
[2026-05-22T09:31:10+00:00] [ERROR] Idees GET MySQL error: SQLSTATE[HY000] [1045] Access denied for user 'root'@'localhost' (using password: YES)
[2026-05-22T09:31:10+00:00] [ERROR] Idees GET MySQL error: SQLSTATE[HY000] [1045] Access denied for user 'root'@'localhost' (using password: YES)
[2026-05-22T09:31:10+00:00] [ERROR] Idees GET MySQL error: SQLSTATE[HY000] [1045] Access denied for user 'root'@'localhost' (using password: YES)
[2026-05-22T09:31:52+00:00] [ERROR] Idees GET MySQL error: SQLSTATE[HY000] [1045] Access denied for user 'root'@'localhost' (using password: YES)
[2026-05-22T09:31:52+00:00] [ERROR] Idees GET MySQL error: SQLSTATE[HY000] [1045] Access denied for user 'root'@'localhost' (using password: YES)
[2026-05-22T09:31:52+00:00] [ERROR] Idees GET MySQL error: SQLSTATE[HY000] [1045] Access denied for user 'root'@'localhost' (using password: YES)
[2026-05-22T09:32:46+00:00] [ERROR] Signalements GET MySQL error: SQLSTATE[HY000] [1045] Access denied for user 'root'@'localhost' (using password: YES)
[2026-05-22T09:32:46+00:00] [ERROR] Signalements GET MySQL error: SQLSTATE[HY000] [1045] Access denied for user 'root'@'localhost' (using password: YES)
[2026-05-22T09:32:46+00:00] [ERROR] Signalements GET MySQL error: SQLSTATE[HY000] [1045] Access denied for user 'root'@'localhost' (using password: YES)
[2026-05-22T09:32:46+00:00] [ERROR] Idees GET MySQL error: SQLSTATE[HY000] [1045] Access denied for user 'root'@'localhost' (using password: YES)
[2026-05-22T09:32:46+00:00] [ERROR] Idees GET MySQL error: SQLSTATE[HY000] [1045] Access denied for user 'root'@'localhost' (using password: YES)
[2026-05-22T09:32:46+00:00] [ERROR] Idees GET MySQL error: SQLSTATE[HY000] [1045] Access denied for user 'root'@'localhost' (using password: YES)
[2026-05-22T09:32:55+00:00] [ERROR] Signalements GET MySQL error: SQLSTATE[HY000] [1045] Access denied for user 'root'@'localhost' (using password: YES)
[2026-05-22T09:32:55+00:00] [ERROR] Signalements GET MySQL error: SQLSTATE[HY000] [1045] Access denied for user 'root'@'localhost' (using password: YES)
[2026-05-22T09:32:55+00:00] [ERROR] Signalements GET MySQL error: SQLSTATE[HY000] [1045] Access denied for user 'root'@'localhost' (using password: YES)
[2026-05-22T09:34:30+00:00] [ERROR] Signalements GET MySQL error: SQLSTATE[HY000] [1045] Access denied for user 'root'@'localhost' (using password: YES)
[2026-05-22T09:34:30+00:00] [ERROR] Signalements GET MySQL error: SQLSTATE[HY000] [1045] Access denied for user 'root'@'localhost' (using password: YES)
[2026-05-22T09:34:30+00:00] [ERROR] Signalements GET MySQL error: SQLSTATE[HY000] [1045] Access denied for user 'root'@'localhost' (using password: YES)
[2026-05-22T09:34:30+00:00] [ERROR] Idees GET MySQL error: SQLSTATE[HY000] [1045] Access denied for user 'root'@'localhost' (using password: YES)
[2026-05-22T09:34:30+00:00] [ERROR] Idees GET MySQL error: SQLSTATE[HY000] [1045] Access denied for user 'root'@'localhost' (using password: YES)
[2026-05-22T09:34:30+00:00] [ERROR] Idees GET MySQL error: SQLSTATE[HY000] [1045] Access denied for user 'root'@'localhost' (using password: YES)
[2026-05-22T09:36:03+00:00] [ERROR] Signalements GET MySQL error: SQLSTATE[HY000] [1045] Access denied for user 'root'@'localhost' (using password: YES)
[2026-05-22T09:36:03+00:00] [ERROR] Signalements GET MySQL error: SQLSTATE[HY000] [1045] Access denied for user 'root'@'localhost' (using password: YES)
[2026-05-22T09:36:03+00:00] [ERROR] Signalements GET MySQL error: SQLSTATE[HY000] [1045] Access denied for user 'root'@'localhost' (using password: YES)
[2026-05-22T09:36:03+00:00] [ERROR] Idees GET MySQL error: SQLSTATE[HY000] [1045] Access denied for user 'root'@'localhost' (using password: YES)
[2026-05-22T09:36:03+00:00] [ERROR] Idees GET MySQL error: SQLSTATE[HY000] [1045] Access denied for user 'root'@'localhost' (using password: YES)
[2026-05-22T09:36:03+00:00] [ERROR] Idees GET MySQL error: SQLSTATE[HY000] [1045] Access denied for user 'root'@'localhost' (using password: YES)
[2026-05-23T15:33:33+00:00] [ERROR] Profiling dashboard error: Call to private method App\Core\AdminDashboardService::mapPoints() from global scope
[2026-05-26T23:07:58+00:00] [ERROR] Admin action error: SQLSTATE[01000]: Warning: 1265 Data truncated for column 'status' at row 1
[2026-05-26T23:07:59+00:00] [ERROR] Admin action error: SQLSTATE[01000]: Warning: 1265 Data truncated for column 'status' at row 1
[2026-05-26T23:07:59+00:00] [ERROR] Admin action error: SQLSTATE[01000]: Warning: 1265 Data truncated for column 'status' at row 1
[2026-05-26T23:17:07+00:00] [ERROR] Admin action error: SQLSTATE[22007]: Invalid datetime format: 1292 Incorrect datetime value: '2026-05-26T23:17:00Z' for column 'started_at' at row 1
[2026-05-26T23:17:08+00:00] [ERROR] Admin action error: SQLSTATE[22007]: Invalid datetime format: 1292 Incorrect datetime value: '2026-05-26T23:17:00Z' for column 'started_at' at row 1
[2026-05-26T23:17:09+00:00] [ERROR] Admin action error: SQLSTATE[22007]: Invalid datetime format: 1292 Incorrect datetime value: '2026-05-26T23:17:00Z' for column 'started_at' at row 1
[2026-05-26T23:17:20+00:00] [ERROR] Admin action error: SQLSTATE[22007]: Invalid datetime format: 1292 Incorrect datetime value: '2026-05-26T23:17:00Z' for column 'started_at' at row 1
[2026-05-26T23:17:21+00:00] [ERROR] Admin action error: SQLSTATE[22007]: Invalid datetime format: 1292 Incorrect datetime value: '2026-05-26T23:17:00Z' for column 'started_at' at row 1
[2026-05-26T23:17:21+00:00] [ERROR] Admin action error: SQLSTATE[22007]: Invalid datetime format: 1292 Incorrect datetime value: '2026-05-26T23:17:00Z' for column 'started_at' at row 1
[2026-05-26T23:23:50+00:00] [ERROR] Admin action error: SQLSTATE[22007]: Invalid datetime format: 1292 Incorrect datetime value: '2026-05-26T23:06:53Z' for column 'started_at' at row 1
[2026-05-26T23:23:51+00:00] [ERROR] Admin action error: SQLSTATE[22007]: Invalid datetime format: 1292 Incorrect datetime value: '2026-05-26T23:06:53Z' for column 'started_at' at row 1
[2026-05-26T23:23:51+00:00] [ERROR] Admin action error: SQLSTATE[22007]: Invalid datetime format: 1292 Incorrect datetime value: '2026-05-26T23:06:53Z' for column 'started_at' at row 1
[2026-05-26T23:26:39+00:00] [ERROR] Admin action error: SQLSTATE[22007]: Invalid datetime format: 1292 Incorrect datetime value: '2026-05-26T23:17:00Z' for column 'started_at' at row 1
[2026-05-26T23:26:39+00:00] [ERROR] Admin action error: SQLSTATE[22007]: Invalid datetime format: 1292 Incorrect datetime value: '2026-05-26T23:17:00Z' for column 'started_at' at row 1
[2026-05-26T23:26:39+00:00] [ERROR] Admin action error: SQLSTATE[22007]: Invalid datetime format: 1292 Incorrect datetime value: '2026-05-26T23:17:00Z' for column 'started_at' at row 1
[2026-05-26T23:51:39+00:00] [ERROR] Admin action error: SQLSTATE[22007]: Invalid datetime format: 1292 Incorrect datetime value: '2026-05-26T23:06:53Z' for column 'started_at' at row 1
[2026-05-26T23:51:39+00:00] [ERROR] Admin action error: SQLSTATE[22007]: Invalid datetime format: 1292 Incorrect datetime value: '2026-05-26T23:06:53Z' for column 'started_at' at row 1
[2026-05-26T23:51:40+00:00] [ERROR] Admin action error: SQLSTATE[22007]: Invalid datetime format: 1292 Incorrect datetime value: '2026-05-26T23:06:53Z' for column 'started_at' at row 1
[2026-05-26T23:51:43+00:00] [ERROR] Admin action error: SQLSTATE[22007]: Invalid datetime format: 1292 Incorrect datetime value: '2026-05-26T23:06:53Z' for column 'started_at' at row 1
[2026-05-26T23:51:43+00:00] [ERROR] Admin action error: SQLSTATE[22007]: Invalid datetime format: 1292 Incorrect datetime value: '2026-05-26T23:06:53Z' for column 'started_at' at row 1
[2026-05-26T23:51:43+00:00] [ERROR] Admin action error: SQLSTATE[22007]: Invalid datetime format: 1292 Incorrect datetime value: '2026-05-26T23:06:53Z' for column 'started_at' at row 1
[2026-05-28T13:12:30+00:00] [ERROR] Admin action error: SQLSTATE[22007]: Invalid datetime format: 1292 Incorrect datetime value: '2026-05-26T23:06:53Z' for column 'started_at' at row 1
[2026-05-28T13:12:30+00:00] [ERROR] Admin action error: SQLSTATE[22007]: Invalid datetime format: 1292 Incorrect datetime value: '2026-05-26T23:06:53Z' for column 'started_at' at row 1
[2026-05-28T13:12:31+00:00] [ERROR] Admin action error: SQLSTATE[22007]: Invalid datetime format: 1292 Incorrect datetime value: '2026-05-26T23:06:53Z' for column 'started_at' at row 1
