[2026-03-26T21:58:25+00:00] [WARNING] Fallback JSON signalements GET: SQLSTATE[42000]: Syntax error or access violation: 1064 You have an error in your SQL syntax; check the manual that corresponds to your MySQL server version for the right syntax to use near '\"\"), \" \", COALESCE(u.prenom, \"\")) AS user_nom,
                    u.emai' at line 3
[2026-03-26T21:58:25+00:00] [WARNING] Fallback JSON idees GET: SQLSTATE[42000]: Syntax error or access violation: 1064 You have an error in your SQL syntax; check the manual that corresponds to your MySQL server version for the right syntax to use near '\"\"), \" \", COALESCE(u.prenom, \"\")) AS user_nom,
                    u.emai' at line 3
[2026-03-26T21:58:26+00:00] [WARNING] Fallback JSON signalements GET: SQLSTATE[42000]: Syntax error or access violation: 1064 You have an error in your SQL syntax; check the manual that corresponds to your MySQL server version for the right syntax to use near '\"\"), \" \", COALESCE(u.prenom, \"\")) AS user_nom,
                    u.emai' at line 3
[2026-03-26T21:58:26+00:00] [WARNING] Fallback JSON idees GET: SQLSTATE[42000]: Syntax error or access violation: 1064 You have an error in your SQL syntax; check the manual that corresponds to your MySQL server version for the right syntax to use near '\"\"), \" \", COALESCE(u.prenom, \"\")) AS user_nom,
                    u.emai' at line 3
[2026-03-26T21:58:29+00:00] [WARNING] Fallback JSON signalements GET: SQLSTATE[42000]: Syntax error or access violation: 1064 You have an error in your SQL syntax; check the manual that corresponds to your MySQL server version for the right syntax to use near '\"\"), \" \", COALESCE(u.prenom, \"\")) AS user_nom,
                    u.emai' at line 3
[2026-03-26T22:02:51+00:00] [WARNING] Fallback JSON idees GET: SQLSTATE[42000]: Syntax error or access violation: 1064 You have an error in your SQL syntax; check the manual that corresponds to your MySQL server version for the right syntax to use near '\"\"), \" \", COALESCE(u.prenom, \"\")) AS user_nom,
                    u.emai' at line 3
[2026-03-26T22:04:27+00:00] [WARNING] Fallback JSON idees GET: SQLSTATE[42000]: Syntax error or access violation: 1064 You have an error in your SQL syntax; check the manual that corresponds to your MySQL server version for the right syntax to use near '\"\"), \" \", COALESCE(u.prenom, \"\")) AS user_nom,
                    u.emai' at line 3
[2026-03-26T22:04:28+00:00] [WARNING] Fallback JSON idees GET: SQLSTATE[42000]: Syntax error or access violation: 1064 You have an error in your SQL syntax; check the manual that corresponds to your MySQL server version for the right syntax to use near '\"\"), \" \", COALESCE(u.prenom, \"\")) AS user_nom,
                    u.emai' at line 3
[2026-03-26T22:04:59+00:00] [WARNING] Fallback JSON idees GET: SQLSTATE[42000]: Syntax error or access violation: 1064 You have an error in your SQL syntax; check the manual that corresponds to your MySQL server version for the right syntax to use near '\"\"), \" \", COALESCE(u.prenom, \"\")) AS user_nom,
                    u.emai' at line 3
[2026-03-26T22:04:59+00:00] [WARNING] Fallback JSON idees GET: SQLSTATE[42000]: Syntax error or access violation: 1064 You have an error in your SQL syntax; check the manual that corresponds to your MySQL server version for the right syntax to use near '\"\"), \" \", COALESCE(u.prenom, \"\")) AS user_nom,
                    u.emai' at line 3
[2026-03-26T22:05:00+00:00] [WARNING] Fallback JSON idees GET: SQLSTATE[42000]: Syntax error or access violation: 1064 You have an error in your SQL syntax; check the manual that corresponds to your MySQL server version for the right syntax to use near '\"\"), \" \", COALESCE(u.prenom, \"\")) AS user_nom,
                    u.emai' at line 3
[2026-03-26T22:05:00+00:00] [WARNING] Fallback JSON idees GET: SQLSTATE[42000]: Syntax error or access violation: 1064 You have an error in your SQL syntax; check the manual that corresponds to your MySQL server version for the right syntax to use near '\"\"), \" \", COALESCE(u.prenom, \"\")) AS user_nom,
                    u.emai' at line 3
[2026-03-26T22:05:26+00:00] [WARNING] Fallback JSON signalements GET: SQLSTATE[42000]: Syntax error or access violation: 1064 You have an error in your SQL syntax; check the manual that corresponds to your MySQL server version for the right syntax to use near '\"\"), \" \", COALESCE(u.prenom, \"\")) AS user_nom,
                    u.emai' at line 3
[2026-03-26T22:05:26+00:00] [WARNING] Fallback JSON idees GET: SQLSTATE[42000]: Syntax error or access violation: 1064 You have an error in your SQL syntax; check the manual that corresponds to your MySQL server version for the right syntax to use near '\"\"), \" \", COALESCE(u.prenom, \"\")) AS user_nom,
                    u.emai' at line 3
[2026-03-26T22:05:27+00:00] [WARNING] Fallback JSON signalements GET: SQLSTATE[42000]: Syntax error or access violation: 1064 You have an error in your SQL syntax; check the manual that corresponds to your MySQL server version for the right syntax to use near '\"\"), \" \", COALESCE(u.prenom, \"\")) AS user_nom,
                    u.emai' at line 3
[2026-03-26T22:08:03+00:00] [WARNING] Fallback JSON signalements GET: SQLSTATE[42000]: Syntax error or access violation: 1064 You have an error in your SQL syntax; check the manual that corresponds to your MySQL server version for the right syntax to use near '\"\"), \" \", COALESCE(u.prenom, \"\")) AS user_nom,
                    u.emai' at line 3
[2026-03-26T22:14:40+00:00] [WARNING] Fallback JSON signalements GET: SQLSTATE[42000]: Syntax error or access violation: 1064 You have an error in your SQL syntax; check the manual that corresponds to your MySQL server version for the right syntax to use near '\"%Y-%m-%dT%H:%i:%sZ\") AS timestamp
             FROM signalements s
        ' at line 14
[2026-03-26T22:15:31+00:00] [WARNING] Fallback JSON idees GET: SQLSTATE[42000]: Syntax error or access violation: 1064 You have an error in your SQL syntax; check the manual that corresponds to your MySQL server version for the right syntax to use near '\"%Y-%m-%dT%H:%i:%sZ\") AS timestamp
             FROM idees i
             LE' at line 11
